[2026-06-30 13:29:01] INFO  ============================================================
[2026-06-30 13:29:01] INFO  TRAINING MODE: Simulation  |  timesteps=50000  episodes=195
[2026-06-30 13:29:01] INFO  hyperparams: lr=0.001  gamma=0.95  n_steps=128  max_ep_len=50
[2026-06-30 13:29:01] INFO  ============================================================
[2026-06-30 13:29:04] INFO  Episode   1/195 | fail link=3 severity=0.71
[2026-06-30 13:29:05] DEBUG   step  1 | action=0 reward=+0.000 done=False trnc=False
[2026-06-30 13:29:06] DEBUG   step  2 | action=4 reward=+0.486 done=True trnc=False
[2026-06-30 13:29:06] INFO    -> reward=0.49  avg=0.243  steps=2  done=True
[2026-06-30 13:29:07] INFO  Episode   2/195 | fail link=1 severity=0.73
[2026-06-30 13:29:08] DEBUG   step  1 | action=0 reward=+0.000 done=False trnc=False
[2026-06-30 13:29:09] DEBUG   step  2 | action=2 reward=+0.485 done=False trnc=False
[2026-06-30 13:29:10] DEBUG   step  3 | action=2 reward=+0.194 done=True trnc=False
[2026-06-30 13:29:10] INFO    -> reward=0.68  avg=0.227  steps=3  done=True
[2026-06-30 13:29:11] INFO  Episode   3/195 | fail link=0 severity=0.85
[2026-06-30 13:29:12] DEBUG   step  1 | action=0 reward=+0.000 done=False trnc=False
[2026-06-30 13:29:13] DEBUG   step  2 | action=0 reward=+0.000 done=False trnc=False
[2026-06-30 13:29:14] DEBUG   step  3 | action=0 reward=+0.000 done=False trnc=False
[2026-06-30 13:29:15] DEBUG   step  4 | action=0 reward=+0.000 done=False trnc=False
[2026-06-30 13:29:16] DEBUG   step  5 | action=0 reward=+0.000 done=False trnc=False
[2026-06-30 13:29:17] DEBUG   step  6 | action=0 reward=+0.000 done=False trnc=False
[2026-06-30 13:29:18] DEBUG   step  7 | action=1 reward=+0.477 done=False trnc=False
[2026-06-30 13:29:19] DEBUG   step  8 | action=0 reward=+0.000 done=False trnc=False
[2026-06-30 13:29:20] DEBUG   step  9 | action=1 reward=+0.103 done=True trnc=False
[2026-06-30 13:29:20] INFO    -> reward=0.58  avg=0.064  steps=9  done=True
[2026-06-30 13:29:21] INFO  Episode   4/195 | fail link=1 severity=0.90
[2026-06-30 13:29:22] DEBUG   step  1 | action=0 reward=+0.000 done=False trnc=False
[2026-06-30 13:29:23] DEBUG   step  2 | action=0 reward=+0.000 done=False trnc=False
[2026-06-30 13:29:24] DEBUG   step  3 | action=2 reward=+0.472 done=False trnc=False
[2026-06-30 13:29:25] DEBUG   step  4 | action=0 reward=+0.000 done=False trnc=False
[2026-06-30 13:29:26] DEBUG   step  5 | action=2 reward=+0.060 done=True trnc=False
[2026-06-30 13:29:26] INFO    -> reward=0.53  avg=0.106  steps=5  done=True
[2026-06-30 13:29:27] INFO  Episode   5/195 | fail link=0 severity=0.62
[2026-06-30 13:29:28] DEBUG   step  1 | action=1 reward=+0.489 done=True trnc=False
[2026-06-30 13:29:28] INFO    -> reward=0.49  avg=0.489  steps=1  done=True
[2026-06-30 13:29:29] INFO  Episode   6/195 | fail link=3 severity=0.91
[2026-06-30 13:29:30] DEBUG   step  1 | action=4 reward=+0.471 done=False trnc=False
[2026-06-30 13:29:31] DEBUG   step  2 | action=4 reward=+0.056 done=True trnc=False
[2026-06-30 13:29:31] INFO    -> reward=0.53  avg=0.264  steps=2  done=True
[2026-06-30 13:29:32] INFO  Episode   7/195 | fail link=1 severity=0.77
[2026-06-30 13:29:33] DEBUG   step  1 | action=0 reward=+0.000 done=False trnc=False
[2026-06-30 13:29:34] DEBUG   step  2 | action=0 reward=+0.000 done=False trnc=False
[2026-06-30 13:29:35] DEBUG   step  3 | action=0 reward=+0.000 done=False trnc=False
[2026-06-30 13:29:36] DEBUG   step  4 | action=2 reward=+0.483 done=False trnc=False
[2026-06-30 13:29:37] DEBUG   step  5 | action=0 reward=+0.000 done=False trnc=False
[2026-06-30 13:29:38] DEBUG   step  6 | action=2 reward=+0.166 done=True trnc=False
[2026-06-30 13:29:38] INFO    -> reward=0.65  avg=0.108  steps=6  done=True
[2026-06-30 13:29:39] INFO  Episode   8/195 | fail link=2 severity=0.92
[2026-06-30 13:29:40] DEBUG   step  1 | action=3 reward=+0.470 done=False trnc=False
[2026-06-30 13:29:41] DEBUG   step  2 | action=0 reward=+0.000 done=False trnc=False
[2026-06-30 13:29:42] DEBUG   step  3 | action=3 reward=+0.044 done=True trnc=False
[2026-06-30 13:29:42] INFO    -> reward=0.51  avg=0.171  steps=3  done=True
[2026-06-30 13:29:43] INFO  Episode   9/195 | fail link=1 severity=0.71
[2026-06-30 13:29:44] DEBUG   step  1 | action=0 reward=+0.000 done=False trnc=False
[2026-06-30 13:29:45] DEBUG   step  2 | action=0 reward=+0.000 done=False trnc=False
[2026-06-30 13:29:46] DEBUG   step  3 | action=0 reward=+0.000 done=False trnc=False
[2026-06-30 13:29:47] DEBUG   step  4 | action=2 reward=+0.486 done=True trnc=False
[2026-06-30 13:29:47] INFO    -> reward=0.49  avg=0.122  steps=4  done=True
[2026-06-30 13:29:48] INFO  Episode  10/195 | fail link=2 severity=0.74
[2026-06-30 13:29:49] DEBUG   step  1 | action=3 reward=+0.485 done=False trnc=False
[2026-06-30 13:29:50] DEBUG   step  2 | action=3 reward=+0.189 done=True trnc=False
[2026-06-30 13:29:50] INFO    -> reward=0.67  avg=0.337  steps=2  done=True
[2026-06-30 13:29:51] INFO  Episode  11/195 | fail link=2 severity=0.63
[2026-06-30 13:29:52] DEBUG   step  1 | action=0 reward=+0.000 done=False trnc=False
[2026-06-30 13:29:53] DEBUG   step  2 | action=3 reward=+0.489 done=True trnc=False
[2026-06-30 13:29:53] INFO    -> reward=0.49  avg=0.244  steps=2  done=True
[2026-06-30 13:29:54] INFO  Episode  12/195 | fail link=2 severity=0.79
[2026-06-30 13:29:56] DEBUG   step  1 | action=3 reward=+0.481 done=False trnc=False
[2026-06-30 13:29:57] DEBUG   step  2 | action=0 reward=+0.000 done=False trnc=False
[2026-06-30 13:29:58] DEBUG   step  3 | action=0 reward=+0.000 done=False trnc=False
[2026-06-30 13:29:59] DEBUG   step  4 | action=3 reward=+0.148 done=True trnc=False
[2026-06-30 13:29:59] INFO    -> reward=0.63  avg=0.157  steps=4  done=True
[2026-06-30 13:30:00] INFO  Episode  13/195 | fail link=0 severity=0.93
[2026-06-30 13:30:01] DEBUG   step  1 | action=0 reward=+0.000 done=False trnc=False
[2026-06-30 13:30:02] DEBUG   step  2 | action=1 reward=+0.468 done=False trnc=False
[2026-06-30 13:30:03] DEBUG   step  3 | action=1 reward=+0.033 done=True trnc=False
[2026-06-30 13:30:03] INFO    -> reward=0.50  avg=0.167  steps=3  done=True
[2026-06-30 13:30:04] INFO  Episode  14/195 | fail link=1 severity=0.93
[2026-06-30 13:30:05] DEBUG   step  1 | action=0 reward=+0.000 done=False trnc=False
[2026-06-30 13:30:06] DEBUG   step  2 | action=2 reward=+0.469 done=False trnc=False
[2026-06-30 13:30:07] DEBUG   step  3 | action=2 reward=+0.038 done=True trnc=False
[2026-06-30 13:30:07] INFO    -> reward=0.51  avg=0.169  steps=3  done=True
[2026-06-30 13:30:08] INFO  Episode  15/195 | fail link=1 severity=0.75
[2026-06-30 13:30:09] DEBUG   step  1 | action=0 reward=+0.000 done=False trnc=False
[2026-06-30 13:30:10] DEBUG   step  2 | action=2 reward=+0.484 done=False trnc=False
[2026-06-30 13:30:11] DEBUG   step  3 | action=0 reward=+0.000 done=False trnc=False
[2026-06-30 13:30:12] DEBUG   step  4 | action=2 reward=+0.180 done=True trnc=False
[2026-06-30 13:30:12] INFO    -> reward=0.66  avg=0.166  steps=4  done=True
[2026-06-30 13:30:13] INFO  Episode  16/195 | fail link=2 severity=0.88
[2026-06-30 13:30:14] DEBUG   step  1 | action=3 reward=+0.474 done=False trnc=False
[2026-06-30 13:30:15] DEBUG   step  2 | action=3 reward=+0.075 done=True trnc=False
[2026-06-30 13:30:15] INFO    -> reward=0.55  avg=0.274  steps=2  done=True
[2026-06-30 13:30:16] INFO  Episode  17/195 | fail link=2 severity=0.67
[2026-06-30 13:30:17] DEBUG   step  1 | action=3 reward=+0.488 done=True trnc=False
[2026-06-30 13:30:17] INFO    -> reward=0.49  avg=0.488  steps=1  done=True
[2026-06-30 13:30:18] INFO  Episode  18/195 | fail link=3 severity=0.92
[2026-06-30 13:30:19] DEBUG   step  1 | action=4 reward=+0.470 done=False trnc=False
[2026-06-30 13:30:20] DEBUG   step  2 | action=0 reward=+0.000 done=False trnc=False
[2026-06-30 13:30:21] DEBUG   step  3 | action=0 reward=+0.000 done=False trnc=False
[2026-06-30 13:30:22] DEBUG   step  4 | action=0 reward=+0.000 done=False trnc=False
[2026-06-30 13:30:23] DEBUG   step  5 | action=4 reward=+0.049 done=True trnc=False
[2026-06-30 13:30:23] INFO    -> reward=0.52  avg=0.104  steps=5  done=True
[2026-06-30 13:30:24] INFO  Episode  19/195 | fail link=1 severity=0.66
[2026-06-30 13:30:25] DEBUG   step  1 | action=2 reward=+0.488 done=True trnc=False
[2026-06-30 13:30:25] INFO    -> reward=0.49  avg=0.488  steps=1  done=True
[2026-06-30 13:30:26] INFO  Episode  20/195 | fail link=2 severity=0.77
[2026-06-30 13:30:27] DEBUG   step  1 | action=3 reward=+0.483 done=False trnc=False
[2026-06-30 13:30:28] DEBUG   step  2 | action=3 reward=+0.166 done=True trnc=False
[2026-06-30 13:30:28] INFO    -> reward=0.65  avg=0.325  steps=2  done=True
[2026-06-30 13:30:29] INFO  Episode  21/195 | fail link=3 severity=0.90
[2026-06-30 13:30:30] DEBUG   step  1 | action=4 reward=+0.472 done=False trnc=False
[2026-06-30 13:30:31] DEBUG   step  2 | action=4 reward=+0.062 done=True trnc=False
[2026-06-30 13:30:31] INFO    -> reward=0.53  avg=0.267  steps=2  done=True
[2026-06-30 13:30:32] INFO  Episode  22/195 | fail link=1 severity=0.85
[2026-06-30 13:30:33] DEBUG   step  1 | action=0 reward=+0.000 done=False trnc=False
[2026-06-30 13:30:34] DEBUG   step  2 | action=0 reward=+0.000 done=False trnc=False
[2026-06-30 13:30:35] DEBUG   step  3 | action=0 reward=+0.000 done=False trnc=False
[2026-06-30 13:30:36] DEBUG   step  4 | action=0 reward=+0.000 done=False trnc=False
[2026-06-30 13:30:37] DEBUG   step  5 | action=0 reward=+0.000 done=False trnc=False
[2026-06-30 13:30:38] DEBUG   step  6 | action=0 reward=+0.000 done=False trnc=False
[2026-06-30 13:30:39] DEBUG   step  7 | action=0 reward=+0.000 done=False trnc=False
[2026-06-30 13:30:40] DEBUG   step  8 | action=2 reward=+0.477 done=False trnc=False
[2026-06-30 13:30:41] DEBUG   step  9 | action=0 reward=+0.000 done=False trnc=False
[2026-06-30 13:30:42] DEBUG   step 10 | action=2 reward=+0.101 done=True trnc=False
[2026-06-30 13:30:42] INFO    -> reward=0.58  avg=0.058  steps=10  done=True
[2026-06-30 13:30:43] INFO  Episode  23/195 | fail link=3 severity=0.86
[2026-06-30 13:30:44] DEBUG   step  1 | action=4 reward=+0.476 done=False trnc=False
[2026-06-30 13:30:45] DEBUG   step  2 | action=0 reward=+0.000 done=False trnc=False
[2026-06-30 13:30:46] DEBUG   step  3 | action=4 reward=+0.097 done=True trnc=False
[2026-06-30 13:30:46] INFO    -> reward=0.57  avg=0.191  steps=3  done=True
[2026-06-30 13:30:47] INFO  Episode  24/195 | fail link=2 severity=0.84
[2026-06-30 13:30:48] DEBUG   step  1 | action=3 reward=+0.477 done=False trnc=False
[2026-06-30 13:30:49] DEBUG   step  2 | action=0 reward=+0.000 done=False trnc=False
[2026-06-30 13:30:50] DEBUG   step  3 | action=3 reward=+0.108 done=True trnc=False
[2026-06-30 13:30:50] INFO    -> reward=0.59  avg=0.195  steps=3  done=True
[2026-06-30 13:30:51] INFO  Episode  25/195 | fail link=1 severity=0.77
[2026-06-30 13:30:52] DEBUG   step  1 | action=0 reward=+0.000 done=False trnc=False
[2026-06-30 13:30:53] DEBUG   step  2 | action=2 reward=+0.483 done=False trnc=False
[2026-06-30 13:30:54] DEBUG   step  3 | action=0 reward=+0.000 done=False trnc=False
[2026-06-30 13:30:55] DEBUG   step  4 | action=2 reward=+0.162 done=True trnc=False
[2026-06-30 13:30:55] INFO    -> reward=0.64  avg=0.161  steps=4  done=True
[2026-06-30 13:30:56] INFO  Episode  26/195 | fail link=3 severity=0.75
[2026-06-30 13:30:57] DEBUG   step  1 | action=0 reward=+0.000 done=False trnc=False
[2026-06-30 13:30:58] DEBUG   step  2 | action=0 reward=+0.000 done=False trnc=False
[2026-06-30 13:30:59] DEBUG   step  3 | action=4 reward=+0.484 done=False trnc=False
[2026-06-30 13:31:00] DEBUG   step  4 | action=4 reward=+0.179 done=True trnc=False
[2026-06-30 13:31:00] INFO    -> reward=0.66  avg=0.166  steps=4  done=True
[2026-06-30 13:31:01] INFO  Episode  27/195 | fail link=3 severity=0.62
[2026-06-30 13:31:02] DEBUG   step  1 | action=0 reward=+0.000 done=False trnc=False
[2026-06-30 13:31:03] DEBUG   step  2 | action=0 reward=+0.000 done=False trnc=False
[2026-06-30 13:31:04] DEBUG   step  3 | action=4 reward=+0.489 done=True trnc=False
[2026-06-30 13:31:04] INFO    -> reward=0.49  avg=0.163  steps=3  done=True
[2026-06-30 13:31:05] INFO  Episode  28/195 | fail link=0 severity=0.83
[2026-06-30 13:31:06] DEBUG   step  1 | action=0 reward=+0.000 done=False trnc=False
[2026-06-30 13:31:07] DEBUG   step  2 | action=0 reward=+0.000 done=False trnc=False
[2026-06-30 13:31:08] DEBUG   step  3 | action=0 reward=+0.000 done=False trnc=False
[2026-06-30 13:31:09] DEBUG   step  4 | action=0 reward=+0.000 done=False trnc=False
[2026-06-30 13:31:10] DEBUG   step  5 | action=0 reward=+0.000 done=False trnc=False
[2026-06-30 13:31:11] DEBUG   step  6 | action=0 reward=+0.000 done=False trnc=False
[2026-06-30 13:31:12] DEBUG   step  7 | action=1 reward=+0.478 done=False trnc=False
[2026-06-30 13:31:13] DEBUG   step  8 | action=0 reward=+0.000 done=False trnc=False
[2026-06-30 13:31:14] DEBUG   step  9 | action=0 reward=+0.000 done=False trnc=False
[2026-06-30 13:31:15] DEBUG   step 10 | action=0 reward=+0.000 done=False trnc=False
[2026-06-30 13:31:16] DEBUG   step 11 | action=0 reward=+0.000 done=False trnc=False
[2026-06-30 13:31:17] DEBUG   step 12 | action=1 reward=+0.118 done=True trnc=False
[2026-06-30 13:31:17] INFO    -> reward=0.60  avg=0.050  steps=12  done=True
[2026-06-30 13:31:18] INFO  Episode  29/195 | fail link=3 severity=0.80
[2026-06-30 13:31:19] DEBUG   step  1 | action=0 reward=+0.000 done=False trnc=False
[2026-06-30 13:31:20] DEBUG   step  2 | action=4 reward=+0.481 done=False trnc=False
[2026-06-30 13:31:21] DEBUG   step  3 | action=0 reward=+0.000 done=False trnc=False
[2026-06-30 13:31:22] DEBUG   step  4 | action=4 reward=+0.143 done=True trnc=False
[2026-06-30 13:31:22] INFO    -> reward=0.62  avg=0.156  steps=4  done=True
[2026-06-30 13:31:23] INFO  Episode  30/195 | fail link=0 severity=0.73
[2026-06-30 13:31:24] DEBUG   step  1 | action=1 reward=+0.485 done=False trnc=False
[2026-06-30 13:31:25] DEBUG   step  2 | action=1 reward=+0.195 done=True trnc=False
[2026-06-30 13:31:25] INFO    -> reward=0.68  avg=0.340  steps=2  done=True
[2026-06-30 13:31:26] INFO  Episode  31/195 | fail link=3 severity=0.88
[2026-06-30 13:31:27] DEBUG   step  1 | action=0 reward=+0.000 done=False trnc=False
[2026-06-30 13:31:28] DEBUG   step  2 | action=0 reward=+0.000 done=False trnc=False
[2026-06-30 13:31:29] DEBUG   step  3 | action=0 reward=+0.000 done=False trnc=False
[2026-06-30 13:31:30] DEBUG   step  4 | action=4 reward=+0.475 done=False trnc=False
[2026-06-30 13:31:31] DEBUG   step  5 | action=0 reward=+0.000 done=False trnc=False
[2026-06-30 13:31:32] DEBUG   step  6 | action=0 reward=+0.000 done=False trnc=False
[2026-06-30 13:31:33] DEBUG   step  7 | action=4 reward=+0.083 done=True trnc=False
[2026-06-30 13:31:33] INFO    -> reward=0.56  avg=0.080  steps=7  done=True
[2026-06-30 13:31:34] INFO  Episode  32/195 | fail link=2 severity=0.91
[2026-06-30 13:31:35] DEBUG   step  1 | action=0 reward=+0.000 done=False trnc=False
[2026-06-30 13:31:36] DEBUG   step  2 | action=3 reward=+0.471 done=False trnc=False
[2026-06-30 13:31:37] DEBUG   step  3 | action=3 reward=+0.056 done=True trnc=False
[2026-06-30 13:31:37] INFO    -> reward=0.53  avg=0.176  steps=3  done=True
[2026-06-30 13:31:38] INFO  Episode  33/195 | fail link=3 severity=0.90
[2026-06-30 13:31:39] DEBUG   step  1 | action=0 reward=+0.000 done=False trnc=False
[2026-06-30 13:31:40] DEBUG   step  2 | action=0 reward=+0.000 done=False trnc=False
[2026-06-30 13:31:41] DEBUG   step  3 | action=0 reward=+0.000 done=False trnc=False
[2026-06-30 13:31:42] DEBUG   step  4 | action=0 reward=+0.000 done=False trnc=False
[2026-06-30 13:31:43] DEBUG   step  5 | action=4 reward=+0.473 done=False trnc=False
[2026-06-30 13:31:44] DEBUG   step  6 | action=0 reward=+0.000 done=False trnc=False
[2026-06-30 13:31:45] DEBUG   step  7 | action=4 reward=+0.066 done=True trnc=False
[2026-06-30 13:31:45] INFO    -> reward=0.54  avg=0.077  steps=7  done=True
[2026-06-30 13:31:46] INFO  Episode  34/195 | fail link=1 severity=0.67
[2026-06-30 13:31:47] DEBUG   step  1 | action=2 reward=+0.488 done=True trnc=False
[2026-06-30 13:31:47] INFO    -> reward=0.49  avg=0.488  steps=1  done=True
[2026-06-30 13:31:48] INFO  Episode  35/195 | fail link=2 severity=0.77
[2026-06-30 13:31:49] DEBUG   step  1 | action=3 reward=+0.483 done=False trnc=False
[2026-06-30 13:31:50] DEBUG   step  2 | action=3 reward=+0.165 done=True trnc=False
[2026-06-30 13:31:50] INFO    -> reward=0.65  avg=0.324  steps=2  done=True
[2026-06-30 13:31:51] INFO  Episode  36/195 | fail link=2 severity=0.84
[2026-06-30 13:31:52] DEBUG   step  1 | action=3 reward=+0.478 done=False trnc=False
[2026-06-30 13:31:53] DEBUG   step  2 | action=0 reward=+0.000 done=False trnc=False
[2026-06-30 13:31:54] DEBUG   step  3 | action=0 reward=+0.000 done=False trnc=False
[2026-06-30 13:31:55] DEBUG   step  4 | action=0 reward=+0.000 done=False trnc=False
[2026-06-30 13:31:56] DEBUG   step  5 | action=0 reward=+0.000 done=False trnc=False
[2026-06-30 13:31:57] DEBUG   step  6 | action=0 reward=+0.000 done=False trnc=False
[2026-06-30 13:31:58] DEBUG   step  7 | action=3 reward=+0.111 done=True trnc=False
[2026-06-30 13:31:58] INFO    -> reward=0.59  avg=0.084  steps=7  done=True
[2026-06-30 13:31:59] INFO  Episode  37/195 | fail link=2 severity=0.72
[2026-06-30 13:32:00] DEBUG   step  1 | action=0 reward=+0.000 done=False trnc=False
[2026-06-30 13:32:01] DEBUG   step  2 | action=0 reward=+0.000 done=False trnc=False
[2026-06-30 13:32:02] DEBUG   step  3 | action=3 reward=+0.486 done=False trnc=False
[2026-06-30 13:32:03] DEBUG   step  4 | action=3 reward=+0.200 done=True trnc=False
[2026-06-30 13:32:03] INFO    -> reward=0.69  avg=0.172  steps=4  done=True
[2026-06-30 13:32:04] INFO  Episode  38/195 | fail link=3 severity=0.62
[2026-06-30 13:32:05] DEBUG   step  1 | action=0 reward=+0.000 done=False trnc=False
[2026-06-30 13:32:06] DEBUG   step  2 | action=4 reward=+0.489 done=True trnc=False
[2026-06-30 13:32:06] INFO    -> reward=0.49  avg=0.245  steps=2  done=True
[2026-06-30 13:32:07] INFO  Episode  39/195 | fail link=1 severity=0.78
[2026-06-30 13:32:08] DEBUG   step  1 | action=0 reward=+0.000 done=False trnc=False
[2026-06-30 13:32:09] DEBUG   step  2 | action=0 reward=+0.000 done=False trnc=False
[2026-06-30 13:32:10] DEBUG   step  3 | action=2 reward=+0.482 done=False trnc=False
[2026-06-30 13:32:11] DEBUG   step  4 | action=2 reward=+0.157 done=True trnc=False
[2026-06-30 13:32:11] INFO    -> reward=0.64  avg=0.160  steps=4  done=True
[2026-06-30 13:32:12] INFO  Episode  40/195 | fail link=3 severity=0.77
[2026-06-30 13:32:13] DEBUG   step  1 | action=0 reward=+0.000 done=False trnc=False
[2026-06-30 13:32:14] DEBUG   step  2 | action=4 reward=+0.483 done=False trnc=False
[2026-06-30 13:32:15] DEBUG   step  3 | action=4 reward=+0.161 done=True trnc=False
[2026-06-30 13:32:15] INFO    -> reward=0.64  avg=0.215  steps=3  done=True
[2026-06-30 13:32:16] INFO  Episode  41/195 | fail link=0 severity=0.74
[2026-06-30 13:32:17] DEBUG   step  1 | action=0 reward=+0.000 done=False trnc=False
[2026-06-30 13:32:18] DEBUG   step  2 | action=1 reward=+0.485 done=False trnc=False
[2026-06-30 13:32:19] DEBUG   step  3 | action=1 reward=+0.183 done=True trnc=False
[2026-06-30 13:32:19] INFO    -> reward=0.67  avg=0.222  steps=3  done=True
[2026-06-30 13:32:20] INFO  Episode  42/195 | fail link=2 severity=0.76
[2026-06-30 13:32:21] DEBUG   step  1 | action=0 reward=+0.000 done=False trnc=False
[2026-06-30 13:32:22] DEBUG   step  2 | action=3 reward=+0.484 done=False trnc=False
[2026-06-30 13:32:23] DEBUG   step  3 | action=0 reward=+0.000 done=False trnc=False
[2026-06-30 13:32:24] DEBUG   step  4 | action=0 reward=+0.000 done=False trnc=False
[2026-06-30 13:32:25] DEBUG   step  5 | action=0 reward=+0.000 done=False trnc=False
[2026-06-30 13:32:26] DEBUG   step  6 | action=3 reward=+0.174 done=True trnc=False
[2026-06-30 13:32:26] INFO    -> reward=0.66  avg=0.110  steps=6  done=True
[2026-06-30 13:32:27] INFO  Episode  43/195 | fail link=1 severity=0.80
[2026-06-30 13:32:28] DEBUG   step  1 | action=2 reward=+0.481 done=False trnc=False
[2026-06-30 13:32:29] DEBUG   step  2 | action=0 reward=+0.000 done=False trnc=False
[2026-06-30 13:32:30] DEBUG   step  3 | action=0 reward=+0.000 done=False trnc=False
[2026-06-30 13:32:31] DEBUG   step  4 | action=0 reward=+0.000 done=False trnc=False
[2026-06-30 13:32:32] DEBUG   step  5 | action=2 reward=+0.143 done=True trnc=False
[2026-06-30 13:32:32] INFO    -> reward=0.62  avg=0.125  steps=5  done=True
[2026-06-30 13:32:33] INFO  Episode  44/195 | fail link=2 severity=0.66
[2026-06-30 13:32:34] DEBUG   step  1 | action=0 reward=+0.000 done=False trnc=False
[2026-06-30 13:32:35] DEBUG   step  2 | action=0 reward=+0.000 done=False trnc=False
[2026-06-30 13:32:36] DEBUG   step  3 | action=3 reward=+0.488 done=True trnc=False
[2026-06-30 13:32:36] INFO    -> reward=0.49  avg=0.163  steps=3  done=True
[2026-06-30 13:32:37] INFO  Episode  45/195 | fail link=2 severity=0.81
[2026-06-30 13:32:38] DEBUG   step  1 | action=3 reward=+0.480 done=False trnc=False
[2026-06-30 13:32:39] DEBUG   step  2 | action=3 reward=+0.136 done=True trnc=False
[2026-06-30 13:32:39] INFO    -> reward=0.62  avg=0.308  steps=2  done=True
[2026-06-30 13:32:40] INFO  Episode  46/195 | fail link=2 severity=0.70
[2026-06-30 13:32:41] DEBUG   step  1 | action=0 reward=+0.000 done=False trnc=False
[2026-06-30 13:32:42] DEBUG   step  2 | action=0 reward=+0.000 done=False trnc=False
[2026-06-30 13:32:43] DEBUG   step  3 | action=3 reward=+0.487 done=True trnc=False
[2026-06-30 13:32:43] INFO    -> reward=0.49  avg=0.162  steps=3  done=True
[2026-06-30 13:32:44] INFO  Episode  47/195 | fail link=0 severity=0.92
[2026-06-30 13:32:45] DEBUG   step  1 | action=0 reward=+0.000 done=False trnc=False
[2026-06-30 13:32:46] DEBUG   step  2 | action=0 reward=+0.000 done=False trnc=False
[2026-06-30 13:32:47] DEBUG   step  3 | action=0 reward=+0.000 done=False trnc=False
[2026-06-30 13:32:48] DEBUG   step  4 | action=1 reward=+0.470 done=False trnc=False
[2026-06-30 13:32:49] DEBUG   step  5 | action=1 reward=+0.049 done=True trnc=False
[2026-06-30 13:32:49] INFO    -> reward=0.52  avg=0.104  steps=5  done=True
[2026-06-30 13:32:50] INFO  Episode  48/195 | fail link=3 severity=0.79
[2026-06-30 13:32:51] DEBUG   step  1 | action=4 reward=+0.482 done=False trnc=False
[2026-06-30 13:32:52] DEBUG   step  2 | action=4 reward=+0.150 done=True trnc=False
[2026-06-30 13:32:52] INFO    -> reward=0.63  avg=0.316  steps=2  done=True
[2026-06-30 13:32:53] INFO  Episode  49/195 | fail link=2 severity=0.73
[2026-06-30 13:32:54] DEBUG   step  1 | action=3 reward=+0.485 done=False trnc=False
[2026-06-30 13:32:55] DEBUG   step  2 | action=3 reward=+0.194 done=True trnc=False
[2026-06-30 13:32:55] INFO    -> reward=0.68  avg=0.339  steps=2  done=True
[2026-06-30 13:32:56] INFO  Episode  50/195 | fail link=1 severity=0.83
[2026-06-30 13:32:57] DEBUG   step  1 | action=0 reward=+0.000 done=False trnc=False
[2026-06-30 13:32:58] DEBUG   step  2 | action=2 reward=+0.478 done=False trnc=False
[2026-06-30 13:32:59] DEBUG   step  3 | action=0 reward=+0.000 done=False trnc=False
[2026-06-30 13:33:00] DEBUG   step  4 | action=2 reward=+0.117 done=True trnc=False
[2026-06-30 13:33:00] INFO    -> reward=0.60  avg=0.149  steps=4  done=True
[2026-06-30 13:33:01] INFO  Episode  51/195 | fail link=3 severity=0.69
[2026-06-30 13:33:02] DEBUG   step  1 | action=4 reward=+0.487 done=True trnc=False
[2026-06-30 13:33:02] INFO    -> reward=0.49  avg=0.487  steps=1  done=True
[2026-06-30 13:33:03] INFO  Episode  52/195 | fail link=0 severity=0.95
[2026-06-30 13:33:04] DEBUG   step  1 | action=0 reward=+0.000 done=False trnc=False
[2026-06-30 13:33:05] DEBUG   step  2 | action=0 reward=+0.000 done=False trnc=False
[2026-06-30 13:33:06] DEBUG   step  3 | action=1 reward=+0.467 done=False trnc=False
[2026-06-30 13:33:07] DEBUG   step  4 | action=0 reward=+0.000 done=False trnc=False
[2026-06-30 13:33:08] DEBUG   step  5 | action=0 reward=+0.000 done=False trnc=False
[2026-06-30 13:33:09] DEBUG   step  6 | action=0 reward=+0.000 done=False trnc=False
[2026-06-30 13:33:10] DEBUG   step  7 | action=1 reward=+0.021 done=True trnc=False
[2026-06-30 13:33:10] INFO    -> reward=0.49  avg=0.070  steps=7  done=True
[2026-06-30 13:33:11] INFO  Episode  53/195 | fail link=3 severity=0.90
[2026-06-30 13:33:12] DEBUG   step  1 | action=0 reward=+0.000 done=False trnc=False
[2026-06-30 13:33:13] DEBUG   step  2 | action=0 reward=+0.000 done=False trnc=False
[2026-06-30 13:33:14] DEBUG   step  3 | action=0 reward=+0.000 done=False trnc=False
[2026-06-30 13:33:15] DEBUG   step  4 | action=4 reward=+0.472 done=False trnc=False
[2026-06-30 13:33:16] DEBUG   step  5 | action=4 reward=+0.061 done=True trnc=False
[2026-06-30 13:33:16] INFO    -> reward=0.53  avg=0.107  steps=5  done=True
[2026-06-30 13:33:17] INFO  Episode  54/195 | fail link=2 severity=0.82
[2026-06-30 13:33:18] DEBUG   step  1 | action=3 reward=+0.479 done=False trnc=False
[2026-06-30 13:33:19] DEBUG   step  2 | action=3 reward=+0.126 done=True trnc=False
[2026-06-30 13:33:19] INFO    -> reward=0.60  avg=0.302  steps=2  done=True
[2026-06-30 13:33:20] INFO  Episode  55/195 | fail link=1 severity=0.64
[2026-06-30 13:33:21] DEBUG   step  1 | action=0 reward=+0.000 done=False trnc=False
[2026-06-30 13:33:22] DEBUG   step  2 | action=2 reward=+0.489 done=True trnc=False
[2026-06-30 13:33:22] INFO    -> reward=0.49  avg=0.244  steps=2  done=True
[2026-06-30 13:33:23] INFO  Episode  56/195 | fail link=3 severity=0.84
[2026-06-30 13:33:24] DEBUG   step  1 | action=0 reward=+0.000 done=False trnc=False
[2026-06-30 13:33:25] DEBUG   step  2 | action=0 reward=+0.000 done=False trnc=False
[2026-06-30 13:33:26] DEBUG   step  3 | action=4 reward=+0.478 done=False trnc=False
[2026-06-30 13:33:27] DEBUG   step  4 | action=4 reward=+0.111 done=True trnc=False
[2026-06-30 13:33:27] INFO    -> reward=0.59  avg=0.147  steps=4  done=True
[2026-06-30 13:33:28] INFO  Episode  57/195 | fail link=1 severity=0.82
[2026-06-30 13:33:29] DEBUG   step  1 | action=2 reward=+0.479 done=False trnc=False
[2026-06-30 13:33:30] DEBUG   step  2 | action=0 reward=+0.000 done=False trnc=False
[2026-06-30 13:33:31] DEBUG   step  3 | action=2 reward=+0.127 done=True trnc=False
[2026-06-30 13:33:31] INFO    -> reward=0.61  avg=0.202  steps=3  done=True
[2026-06-30 13:33:32] INFO  Episode  58/195 | fail link=0 severity=0.66
[2026-06-30 13:33:33] DEBUG   step  1 | action=1 reward=+0.488 done=True trnc=False
[2026-06-30 13:33:33] INFO    -> reward=0.49  avg=0.488  steps=1  done=True
[2026-06-30 13:33:34] INFO  Episode  59/195 | fail link=3 severity=0.65
[2026-06-30 13:33:35] DEBUG   step  1 | action=4 reward=+0.488 done=True trnc=False
[2026-06-30 13:33:35] INFO    -> reward=0.49  avg=0.488  steps=1  done=True
[2026-06-30 13:33:36] INFO  Episode  60/195 | fail link=3 severity=0.80
[2026-06-30 13:33:37] DEBUG   step  1 | action=0 reward=+0.000 done=False trnc=False
[2026-06-30 13:33:38] DEBUG   step  2 | action=4 reward=+0.481 done=False trnc=False
[2026-06-30 13:33:39] DEBUG   step  3 | action=4 reward=+0.142 done=True trnc=False
[2026-06-30 13:33:39] INFO    -> reward=0.62  avg=0.208  steps=3  done=True
[2026-06-30 13:33:40] INFO  Episode  61/195 | fail link=0 severity=0.93
[2026-06-30 13:33:41] DEBUG   step  1 | action=0 reward=+0.000 done=False trnc=False
[2026-06-30 13:33:42] DEBUG   step  2 | action=1 reward=+0.468 done=False trnc=False
[2026-06-30 13:33:43] DEBUG   step  3 | action=0 reward=+0.000 done=False trnc=False
[2026-06-30 13:33:44] DEBUG   step  4 | action=0 reward=+0.000 done=False trnc=False
[2026-06-30 13:33:45] DEBUG   step  5 | action=1 reward=+0.033 done=True trnc=False
[2026-06-30 13:33:45] INFO    -> reward=0.50  avg=0.100  steps=5  done=True
[2026-06-30 13:33:46] INFO  Episode  62/195 | fail link=0 severity=0.73
[2026-06-30 13:33:47] DEBUG   step  1 | action=1 reward=+0.485 done=False trnc=False
[2026-06-30 13:33:48] DEBUG   step  2 | action=0 reward=+0.000 done=False trnc=False
[2026-06-30 13:33:49] DEBUG   step  3 | action=1 reward=+0.189 done=True trnc=False
[2026-06-30 13:33:49] INFO    -> reward=0.67  avg=0.225  steps=3  done=True
[2026-06-30 13:33:50] INFO  Episode  63/195 | fail link=3 severity=0.91
[2026-06-30 13:33:51] DEBUG   step  1 | action=4 reward=+0.471 done=False trnc=False
[2026-06-30 13:33:52] DEBUG   step  2 | action=0 reward=+0.000 done=False trnc=False
[2026-06-30 13:33:53] DEBUG   step  3 | action=4 reward=+0.052 done=True trnc=False
[2026-06-30 13:33:53] INFO    -> reward=0.52  avg=0.174  steps=3  done=True
[2026-06-30 13:33:54] INFO  Episode  64/195 | fail link=0 severity=0.91
[2026-06-30 13:33:55] DEBUG   step  1 | action=0 reward=+0.000 done=False trnc=False
[2026-06-30 13:33:56] DEBUG   step  2 | action=1 reward=+0.471 done=False trnc=False
[2026-06-30 13:33:57] DEBUG   step  3 | action=1 reward=+0.052 done=True trnc=False
[2026-06-30 13:33:57] INFO    -> reward=0.52  avg=0.174  steps=3  done=True
[2026-06-30 13:33:58] INFO  Episode  65/195 | fail link=3 severity=0.84
[2026-06-30 13:33:59] DEBUG   step  1 | action=0 reward=+0.000 done=False trnc=False
[2026-06-30 13:34:00] DEBUG   step  2 | action=0 reward=+0.000 done=False trnc=False
[2026-06-30 13:34:01] DEBUG   step  3 | action=4 reward=+0.477 done=False trnc=False
[2026-06-30 13:34:02] DEBUG   step  4 | action=0 reward=+0.000 done=False trnc=False
[2026-06-30 13:34:03] DEBUG   step  5 | action=0 reward=+0.000 done=False trnc=False
[2026-06-30 13:34:04] DEBUG   step  6 | action=4 reward=+0.108 done=True trnc=False
[2026-06-30 13:34:04] INFO    -> reward=0.59  avg=0.098  steps=6  done=True
[2026-06-30 13:34:05] INFO  Episode  66/195 | fail link=1 severity=0.68
[2026-06-30 13:34:06] DEBUG   step  1 | action=0 reward=+0.000 done=False trnc=False
[2026-06-30 13:34:07] DEBUG   step  2 | action=2 reward=+0.487 done=True trnc=False
[2026-06-30 13:34:07] INFO    -> reward=0.49  avg=0.244  steps=2  done=True
[2026-06-30 13:34:08] INFO  Episode  67/195 | fail link=1 severity=0.62
[2026-06-30 13:34:09] DEBUG   step  1 | action=0 reward=+0.000 done=False trnc=False
[2026-06-30 13:34:10] DEBUG   step  2 | action=2 reward=+0.489 done=True trnc=False
[2026-06-30 13:34:10] INFO    -> reward=0.49  avg=0.245  steps=2  done=True
[2026-06-30 13:34:11] INFO  Episode  68/195 | fail link=3 severity=0.67
[2026-06-30 13:34:12] DEBUG   step  1 | action=4 reward=+0.488 done=True trnc=False
[2026-06-30 13:34:12] INFO    -> reward=0.49  avg=0.488  steps=1  done=True
[2026-06-30 13:34:13] INFO  Episode  69/195 | fail link=0 severity=0.87
[2026-06-30 13:34:14] DEBUG   step  1 | action=0 reward=+0.000 done=False trnc=False
[2026-06-30 13:34:15] DEBUG   step  2 | action=1 reward=+0.475 done=False trnc=False
[2026-06-30 13:34:16] DEBUG   step  3 | action=0 reward=+0.000 done=False trnc=False
[2026-06-30 13:34:17] DEBUG   step  4 | action=0 reward=+0.000 done=False trnc=False
[2026-06-30 13:34:18] DEBUG   step  5 | action=0 reward=+0.000 done=False trnc=False
[2026-06-30 13:34:19] DEBUG   step  6 | action=0 reward=+0.000 done=False trnc=False
[2026-06-30 13:34:20] DEBUG   step  7 | action=0 reward=+0.000 done=False trnc=False
[2026-06-30 13:34:21] DEBUG   step  8 | action=0 reward=+0.000 done=False trnc=False
[2026-06-30 13:34:22] DEBUG   step  9 | action=0 reward=+0.000 done=False trnc=False
[2026-06-30 13:34:23] DEBUG   step 10 | action=1 reward=+0.088 done=True trnc=False
[2026-06-30 13:34:23] INFO    -> reward=0.56  avg=0.056  steps=10  done=True
[2026-06-30 13:34:24] INFO  Episode  70/195 | fail link=3 severity=0.75
[2026-06-30 13:34:25] DEBUG   step  1 | action=4 reward=+0.484 done=False trnc=False
[2026-06-30 13:34:26] DEBUG   step  2 | action=0 reward=+0.000 done=False trnc=False
[2026-06-30 13:34:27] DEBUG   step  3 | action=4 reward=+0.179 done=True trnc=False
[2026-06-30 13:34:27] INFO    -> reward=0.66  avg=0.221  steps=3  done=True
[2026-06-30 13:34:28] INFO  Episode  71/195 | fail link=3 severity=0.83
[2026-06-30 13:34:29] DEBUG   step  1 | action=4 reward=+0.479 done=False trnc=False
[2026-06-30 13:34:30] DEBUG   step  2 | action=0 reward=+0.000 done=False trnc=False
[2026-06-30 13:34:31] DEBUG   step  3 | action=4 reward=+0.123 done=True trnc=False
[2026-06-30 13:34:31] INFO    -> reward=0.60  avg=0.201  steps=3  done=True
[2026-06-30 13:34:32] INFO  Episode  72/195 | fail link=2 severity=0.86
[2026-06-30 13:34:33] DEBUG   step  1 | action=0 reward=+0.000 done=False trnc=False
[2026-06-30 13:34:34] DEBUG   step  2 | action=0 reward=+0.000 done=False trnc=False
[2026-06-30 13:34:35] DEBUG   step  3 | action=0 reward=+0.000 done=False trnc=False
[2026-06-30 13:34:36] DEBUG   step  4 | action=0 reward=+0.000 done=False trnc=False
[2026-06-30 13:34:37] DEBUG   step  5 | action=0 reward=+0.000 done=False trnc=False
[2026-06-30 13:34:38] DEBUG   step  6 | action=0 reward=+0.000 done=False trnc=False
[2026-06-30 13:34:39] DEBUG   step  7 | action=0 reward=+0.000 done=False trnc=False
[2026-06-30 13:34:40] DEBUG   step  8 | action=3 reward=+0.476 done=False trnc=False
[2026-06-30 13:34:41] DEBUG   step  9 | action=0 reward=+0.000 done=False trnc=False
[2026-06-30 13:34:42] DEBUG   step 10 | action=3 reward=+0.093 done=True trnc=False
[2026-06-30 13:34:42] INFO    -> reward=0.57  avg=0.057  steps=10  done=True
[2026-06-30 13:34:43] INFO  Episode  73/195 | fail link=2 severity=0.83
[2026-06-30 13:34:44] DEBUG   step  1 | action=0 reward=+0.000 done=False trnc=False
[2026-06-30 13:34:45] DEBUG   step  2 | action=0 reward=+0.000 done=False trnc=False
[2026-06-30 13:34:46] DEBUG   step  3 | action=3 reward=+0.479 done=False trnc=False
[2026-06-30 13:34:47] DEBUG   step  4 | action=3 reward=+0.121 done=True trnc=False
[2026-06-30 13:34:47] INFO    -> reward=0.60  avg=0.150  steps=4  done=True
[2026-06-30 13:34:48] INFO  Episode  74/195 | fail link=2 severity=0.63
[2026-06-30 13:34:49] DEBUG   step  1 | action=0 reward=+0.000 done=False trnc=False
[2026-06-30 13:34:50] DEBUG   step  2 | action=0 reward=+0.000 done=False trnc=False
[2026-06-30 13:34:51] DEBUG   step  3 | action=0 reward=+0.000 done=False trnc=False
[2026-06-30 13:34:52] DEBUG   step  4 | action=3 reward=+0.489 done=True trnc=False
[2026-06-30 13:34:52] INFO    -> reward=0.49  avg=0.122  steps=4  done=True
[2026-06-30 13:34:53] INFO  Episode  75/195 | fail link=3 severity=0.61
[2026-06-30 13:34:54] DEBUG   step  1 | action=0 reward=+0.000 done=False trnc=False
[2026-06-30 13:34:55] DEBUG   step  2 | action=0 reward=+0.000 done=False trnc=False
[2026-06-30 13:34:56] DEBUG   step  3 | action=4 reward=+0.489 done=True trnc=False
[2026-06-30 13:34:56] INFO    -> reward=0.49  avg=0.163  steps=3  done=True
[2026-06-30 13:34:57] INFO  Episode  76/195 | fail link=1 severity=0.85
[2026-06-30 13:34:58] DEBUG   step  1 | action=2 reward=+0.477 done=False trnc=False
[2026-06-30 13:34:59] DEBUG   step  2 | action=2 reward=+0.104 done=True trnc=False
[2026-06-30 13:34:59] INFO    -> reward=0.58  avg=0.290  steps=2  done=True
[2026-06-30 13:35:00] INFO  Episode  77/195 | fail link=3 severity=0.89
[2026-06-30 13:35:01] DEBUG   step  1 | action=0 reward=+0.000 done=False trnc=False
[2026-06-30 13:35:02] DEBUG   step  2 | action=4 reward=+0.473 done=False trnc=False
[2026-06-30 13:35:03] DEBUG   step  3 | action=4 reward=+0.067 done=True trnc=False
[2026-06-30 13:35:03] INFO    -> reward=0.54  avg=0.180  steps=3  done=True
[2026-06-30 13:35:04] INFO  Episode  78/195 | fail link=0 severity=0.75
[2026-06-30 13:35:05] DEBUG   step  1 | action=0 reward=+0.000 done=False trnc=False
[2026-06-30 13:35:06] DEBUG   step  2 | action=1 reward=+0.484 done=False trnc=False
[2026-06-30 13:35:07] DEBUG   step  3 | action=1 reward=+0.177 done=True trnc=False
[2026-06-30 13:35:07] INFO    -> reward=0.66  avg=0.221  steps=3  done=True
[2026-06-30 13:35:08] INFO  Episode  79/195 | fail link=2 severity=0.68
[2026-06-30 13:35:09] DEBUG   step  1 | action=3 reward=+0.487 done=True trnc=False
[2026-06-30 13:35:09] INFO    -> reward=0.49  avg=0.487  steps=1  done=True
[2026-06-30 13:35:10] INFO  Episode  80/195 | fail link=1 severity=0.65
[2026-06-30 13:35:11] DEBUG   step  1 | action=2 reward=+0.488 done=True trnc=False
[2026-06-30 13:35:11] INFO    -> reward=0.49  avg=0.488  steps=1  done=True
[2026-06-30 13:35:12] INFO  Episode  81/195 | fail link=0 severity=0.72
[2026-06-30 13:35:13] DEBUG   step  1 | action=0 reward=+0.000 done=False trnc=False
[2026-06-30 13:35:14] DEBUG   step  2 | action=1 reward=+0.486 done=False trnc=False
[2026-06-30 13:35:15] DEBUG   step  3 | action=1 reward=+0.197 done=True trnc=False
[2026-06-30 13:35:15] INFO    -> reward=0.68  avg=0.227  steps=3  done=True
[2026-06-30 13:35:16] INFO  Episode  82/195 | fail link=3 severity=0.75
[2026-06-30 13:35:17] DEBUG   step  1 | action=0 reward=+0.000 done=False trnc=False
[2026-06-30 13:35:18] DEBUG   step  2 | action=4 reward=+0.484 done=False trnc=False
[2026-06-30 13:35:19] DEBUG   step  3 | action=4 reward=+0.182 done=True trnc=False
[2026-06-30 13:35:19] INFO    -> reward=0.67  avg=0.222  steps=3  done=True
[2026-06-30 13:35:20] INFO  Episode  83/195 | fail link=0 severity=0.80
[2026-06-30 13:35:21] DEBUG   step  1 | action=0 reward=+0.000 done=False trnc=False
[2026-06-30 13:35:22] DEBUG   step  2 | action=1 reward=+0.481 done=False trnc=False
[2026-06-30 13:35:23] DEBUG   step  3 | action=1 reward=+0.143 done=True trnc=False
[2026-06-30 13:35:23] INFO    -> reward=0.62  avg=0.208  steps=3  done=True
[2026-06-30 13:35:24] INFO  Episode  84/195 | fail link=1 severity=0.78
[2026-06-30 13:35:25] DEBUG   step  1 | action=2 reward=+0.482 done=False trnc=False
[2026-06-30 13:35:26] DEBUG   step  2 | action=2 reward=+0.159 done=True trnc=False
[2026-06-30 13:35:26] INFO    -> reward=0.64  avg=0.321  steps=2  done=True
[2026-06-30 13:35:27] INFO  Episode  85/195 | fail link=0 severity=0.82
[2026-06-30 13:35:28] DEBUG   step  1 | action=1 reward=+0.479 done=False trnc=False
[2026-06-30 13:35:29] DEBUG   step  2 | action=0 reward=+0.000 done=False trnc=False
[2026-06-30 13:35:30] DEBUG   step  3 | action=1 reward=+0.127 done=True trnc=False
[2026-06-30 13:35:30] INFO    -> reward=0.61  avg=0.202  steps=3  done=True
[2026-06-30 13:35:31] INFO  Episode  86/195 | fail link=0 severity=0.87
[2026-06-30 13:35:32] DEBUG   step  1 | action=1 reward=+0.475 done=False trnc=False
[2026-06-30 13:35:33] DEBUG   step  2 | action=1 reward=+0.086 done=True trnc=False
[2026-06-30 13:35:33] INFO    -> reward=0.56  avg=0.281  steps=2  done=True
[2026-06-30 13:35:34] INFO  Episode  87/195 | fail link=0 severity=0.78
[2026-06-30 13:35:35] DEBUG   step  1 | action=0 reward=+0.000 done=False trnc=False
[2026-06-30 13:35:36] DEBUG   step  2 | action=0 reward=+0.000 done=False trnc=False
[2026-06-30 13:35:37] DEBUG   step  3 | action=0 reward=+0.000 done=False trnc=False
[2026-06-30 13:35:38] DEBUG   step  4 | action=0 reward=+0.000 done=False trnc=False
[2026-06-30 13:35:39] DEBUG   step  5 | action=1 reward=+0.482 done=False trnc=False
[2026-06-30 13:35:40] DEBUG   step  6 | action=0 reward=+0.000 done=False trnc=False
[2026-06-30 13:35:41] DEBUG   step  7 | action=0 reward=+0.000 done=False trnc=False
[2026-06-30 13:35:42] DEBUG   step  8 | action=1 reward=+0.158 done=True trnc=False
[2026-06-30 13:35:42] INFO    -> reward=0.64  avg=0.080  steps=8  done=True
[2026-06-30 13:35:43] INFO  Episode  88/195 | fail link=3 severity=0.67
[2026-06-30 13:35:44] DEBUG   step  1 | action=0 reward=+0.000 done=False trnc=False
[2026-06-30 13:35:45] DEBUG   step  2 | action=4 reward=+0.488 done=True trnc=False
[2026-06-30 13:35:45] INFO    -> reward=0.49  avg=0.244  steps=2  done=True
[2026-06-30 13:35:46] INFO  Episode  89/195 | fail link=0 severity=0.80
[2026-06-30 13:35:47] DEBUG   step  1 | action=0 reward=+0.000 done=False trnc=False
[2026-06-30 13:35:48] DEBUG   step  2 | action=0 reward=+0.000 done=False trnc=False
[2026-06-30 13:35:49] DEBUG   step  3 | action=0 reward=+0.000 done=False trnc=False
[2026-06-30 13:35:50] DEBUG   step  4 | action=0 reward=+0.000 done=False trnc=False
[2026-06-30 13:35:51] DEBUG   step  5 | action=0 reward=+0.000 done=False trnc=False
[2026-06-30 13:35:52] DEBUG   step  6 | action=1 reward=+0.481 done=False trnc=False
[2026-06-30 13:35:53] DEBUG   step  7 | action=1 reward=+0.145 done=True trnc=False
[2026-06-30 13:35:53] INFO    -> reward=0.63  avg=0.090  steps=7  done=True
[2026-06-30 13:35:54] INFO  Episode  90/195 | fail link=0 severity=0.94
[2026-06-30 13:35:55] DEBUG   step  1 | action=1 reward=+0.467 done=False trnc=False
[2026-06-30 13:35:56] DEBUG   step  2 | action=0 reward=+0.000 done=False trnc=False
[2026-06-30 13:35:57] DEBUG   step  3 | action=0 reward=+0.000 done=False trnc=False
[2026-06-30 13:35:58] DEBUG   step  4 | action=1 reward=+0.023 done=True trnc=False
[2026-06-30 13:35:58] INFO    -> reward=0.49  avg=0.123  steps=4  done=True
[2026-06-30 13:35:59] INFO  Episode  91/195 | fail link=3 severity=0.66
[2026-06-30 13:36:00] DEBUG   step  1 | action=4 reward=+0.488 done=True trnc=False
[2026-06-30 13:36:00] INFO    -> reward=0.49  avg=0.488  steps=1  done=True
[2026-06-30 13:36:01] INFO  Episode  92/195 | fail link=1 severity=0.87
[2026-06-30 13:36:02] DEBUG   step  1 | action=0 reward=+0.000 done=False trnc=False
[2026-06-30 13:36:03] DEBUG   step  2 | action=2 reward=+0.476 done=False trnc=False
[2026-06-30 13:36:04] DEBUG   step  3 | action=0 reward=+0.000 done=False trnc=False
[2026-06-30 13:36:05] DEBUG   step  4 | action=0 reward=+0.000 done=False trnc=False
[2026-06-30 13:36:06] DEBUG   step  5 | action=2 reward=+0.091 done=True trnc=False
[2026-06-30 13:36:06] INFO    -> reward=0.57  avg=0.113  steps=5  done=True
[2026-06-30 13:36:07] INFO  Episode  93/195 | fail link=0 severity=0.68
[2026-06-30 13:36:08] DEBUG   step  1 | action=1 reward=+0.487 done=True trnc=False
[2026-06-30 13:36:08] INFO    -> reward=0.49  avg=0.487  steps=1  done=True
[2026-06-30 13:36:09] INFO  Episode  94/195 | fail link=1 severity=0.75
[2026-06-30 13:36:10] DEBUG   step  1 | action=2 reward=+0.484 done=False trnc=False
[2026-06-30 13:36:11] DEBUG   step  2 | action=2 reward=+0.176 done=True trnc=False
[2026-06-30 13:36:11] INFO    -> reward=0.66  avg=0.330  steps=2  done=True
[2026-06-30 13:36:12] INFO  Episode  95/195 | fail link=1 severity=0.83
[2026-06-30 13:36:13] DEBUG   step  1 | action=0 reward=+0.000 done=False trnc=False
[2026-06-30 13:36:14] DEBUG   step  2 | action=2 reward=+0.479 done=False trnc=False
[2026-06-30 13:36:15] DEBUG   step  3 | action=2 reward=+0.119 done=True trnc=False
[2026-06-30 13:36:15] INFO    -> reward=0.60  avg=0.199  steps=3  done=True
[2026-06-30 13:36:16] INFO  Episode  96/195 | fail link=0 severity=0.78
[2026-06-30 13:36:17] DEBUG   step  1 | action=1 reward=+0.483 done=False trnc=False
[2026-06-30 13:36:18] DEBUG   step  2 | action=1 reward=+0.160 done=True trnc=False
[2026-06-30 13:36:18] INFO    -> reward=0.64  avg=0.321  steps=2  done=True
[2026-06-30 13:36:19] INFO  Episode  97/195 | fail link=1 severity=0.69
[2026-06-30 13:36:20] DEBUG   step  1 | action=0 reward=+0.000 done=False trnc=False
[2026-06-30 13:36:21] DEBUG   step  2 | action=2 reward=+0.487 done=True trnc=False
[2026-06-30 13:36:21] INFO    -> reward=0.49  avg=0.244  steps=2  done=True
[2026-06-30 13:36:22] INFO  Episode  98/195 | fail link=2 severity=0.77
[2026-06-30 13:36:23] DEBUG   step  1 | action=3 reward=+0.483 done=False trnc=False
[2026-06-30 13:36:24] DEBUG   step  2 | action=0 reward=+0.000 done=False trnc=False
[2026-06-30 13:36:25] DEBUG   step  3 | action=3 reward=+0.162 done=True trnc=False
[2026-06-30 13:36:25] INFO    -> reward=0.64  avg=0.215  steps=3  done=True
[2026-06-30 13:36:26] INFO  Episode  99/195 | fail link=0 severity=0.79
[2026-06-30 13:36:27] DEBUG   step  1 | action=0 reward=+0.000 done=False trnc=False
[2026-06-30 13:36:28] DEBUG   step  2 | action=0 reward=+0.000 done=False trnc=False
[2026-06-30 13:36:29] DEBUG   step  3 | action=0 reward=+0.000 done=False trnc=False
[2026-06-30 13:36:30] DEBUG   step  4 | action=0 reward=+0.000 done=False trnc=False
[2026-06-30 13:36:31] DEBUG   step  5 | action=1 reward=+0.482 done=False trnc=False
[2026-06-30 13:36:32] DEBUG   step  6 | action=1 reward=+0.149 done=True trnc=False
[2026-06-30 13:36:32] INFO    -> reward=0.63  avg=0.105  steps=6  done=True
[2026-06-30 13:36:33] INFO  Episode 100/195 | fail link=1 severity=0.70
[2026-06-30 13:36:34] DEBUG   step  1 | action=0 reward=+0.000 done=False trnc=False
[2026-06-30 13:36:35] DEBUG   step  2 | action=2 reward=+0.487 done=True trnc=False
[2026-06-30 13:36:35] INFO    -> reward=0.49  avg=0.243  steps=2  done=True
[2026-06-30 13:36:36] INFO  Episode 101/195 | fail link=3 severity=0.85
[2026-06-30 13:36:37] DEBUG   step  1 | action=4 reward=+0.477 done=False trnc=False
[2026-06-30 13:36:38] DEBUG   step  2 | action=4 reward=+0.106 done=True trnc=False
[2026-06-30 13:36:38] INFO    -> reward=0.58  avg=0.292  steps=2  done=True
[2026-06-30 13:36:39] INFO  Episode 102/195 | fail link=2 severity=0.91
[2026-06-30 13:36:40] DEBUG   step  1 | action=3 reward=+0.471 done=False trnc=False
[2026-06-30 13:36:41] DEBUG   step  2 | action=0 reward=+0.000 done=False trnc=False
[2026-06-30 13:36:42] DEBUG   step  3 | action=0 reward=+0.000 done=False trnc=False
[2026-06-30 13:36:43] DEBUG   step  4 | action=0 reward=+0.000 done=False trnc=False
[2026-06-30 13:36:44] DEBUG   step  5 | action=3 reward=+0.053 done=True trnc=False
[2026-06-30 13:36:44] INFO    -> reward=0.52  avg=0.105  steps=5  done=True
[2026-06-30 13:36:45] INFO  Episode 103/195 | fail link=1 severity=0.74
[2026-06-30 13:36:46] DEBUG   step  1 | action=0 reward=+0.000 done=False trnc=False
[2026-06-30 13:36:47] DEBUG   step  2 | action=2 reward=+0.485 done=False trnc=False
[2026-06-30 13:36:48] DEBUG   step  3 | action=0 reward=+0.000 done=False trnc=False
[2026-06-30 13:36:49] DEBUG   step  4 | action=0 reward=+0.000 done=False trnc=False
[2026-06-30 13:36:50] DEBUG   step  5 | action=2 reward=+0.184 done=True trnc=False
[2026-06-30 13:36:50] INFO    -> reward=0.67  avg=0.134  steps=5  done=True
[2026-06-30 13:36:51] INFO  Episode 104/195 | fail link=3 severity=0.74
[2026-06-30 13:36:52] DEBUG   step  1 | action=0 reward=+0.000 done=False trnc=False
[2026-06-30 13:36:53] DEBUG   step  2 | action=4 reward=+0.485 done=False trnc=False
[2026-06-30 13:36:54] DEBUG   step  3 | action=4 reward=+0.188 done=True trnc=False
[2026-06-30 13:36:54] INFO    -> reward=0.67  avg=0.224  steps=3  done=True
[2026-06-30 13:36:55] INFO  Episode 105/195 | fail link=1 severity=0.80
[2026-06-30 13:36:56] DEBUG   step  1 | action=2 reward=+0.481 done=False trnc=False
[2026-06-30 13:36:57] DEBUG   step  2 | action=0 reward=+0.000 done=False trnc=False
[2026-06-30 13:36:58] DEBUG   step  3 | action=0 reward=+0.000 done=False trnc=False
[2026-06-30 13:36:59] DEBUG   step  4 | action=0 reward=+0.000 done=False trnc=False
[2026-06-30 13:37:00] DEBUG   step  5 | action=2 reward=+0.143 done=True trnc=False
[2026-06-30 13:37:00] INFO    -> reward=0.62  avg=0.125  steps=5  done=True
[2026-06-30 13:37:01] INFO  Episode 106/195 | fail link=1 severity=0.93
[2026-06-30 13:37:02] DEBUG   step  1 | action=2 reward=+0.468 done=False trnc=False
[2026-06-30 13:37:03] DEBUG   step  2 | action=2 reward=+0.033 done=True trnc=False
[2026-06-30 13:37:03] INFO    -> reward=0.50  avg=0.250  steps=2  done=True
[2026-06-30 13:37:04] INFO  Episode 107/195 | fail link=1 severity=0.77
[2026-06-30 13:37:05] DEBUG   step  1 | action=0 reward=+0.000 done=False trnc=False
[2026-06-30 13:37:06] DEBUG   step  2 | action=2 reward=+0.483 done=False trnc=False
[2026-06-30 13:37:07] DEBUG   step  3 | action=2 reward=+0.161 done=True trnc=False
[2026-06-30 13:37:07] INFO    -> reward=0.64  avg=0.215  steps=3  done=True
[2026-06-30 13:37:09] INFO  Episode 108/195 | fail link=1 severity=0.85
[2026-06-30 13:37:10] DEBUG   step  1 | action=2 reward=+0.477 done=False trnc=False
[2026-06-30 13:37:11] DEBUG   step  2 | action=0 reward=+0.000 done=False trnc=False
[2026-06-30 13:37:12] DEBUG   step  3 | action=2 reward=+0.103 done=True trnc=False
[2026-06-30 13:37:12] INFO    -> reward=0.58  avg=0.193  steps=3  done=True
[2026-06-30 13:37:13] INFO  Episode 109/195 | fail link=2 severity=0.94
[2026-06-30 13:37:14] DEBUG   step  1 | action=3 reward=+0.468 done=False trnc=False
[2026-06-30 13:37:15] DEBUG   step  2 | action=0 reward=+0.000 done=False trnc=False
[2026-06-30 13:37:16] DEBUG   step  3 | action=3 reward=+0.031 done=True trnc=False
[2026-06-30 13:37:16] INFO    -> reward=0.50  avg=0.166  steps=3  done=True
[2026-06-30 13:37:17] INFO  Episode 110/195 | fail link=0 severity=0.68
[2026-06-30 13:37:18] DEBUG   step  1 | action=1 reward=+0.487 done=True trnc=False
[2026-06-30 13:37:18] INFO    -> reward=0.49  avg=0.487  steps=1  done=True
[2026-06-30 13:37:19] INFO  Episode 111/195 | fail link=2 severity=0.82
[2026-06-30 13:37:20] DEBUG   step  1 | action=0 reward=+0.000 done=False trnc=False
[2026-06-30 13:37:21] DEBUG   step  2 | action=3 reward=+0.479 done=False trnc=False
[2026-06-30 13:37:22] DEBUG   step  3 | action=3 reward=+0.126 done=True trnc=False
[2026-06-30 13:37:22] INFO    -> reward=0.61  avg=0.202  steps=3  done=True
[2026-06-30 13:37:23] INFO  Episode 112/195 | fail link=0 severity=0.66
[2026-06-30 13:37:24] DEBUG   step  1 | action=1 reward=+0.488 done=True trnc=False
[2026-06-30 13:37:24] INFO    -> reward=0.49  avg=0.488  steps=1  done=True
[2026-06-30 13:37:25] INFO  Episode 113/195 | fail link=1 severity=0.86
[2026-06-30 13:37:26] DEBUG   step  1 | action=0 reward=+0.000 done=False trnc=False
[2026-06-30 13:37:27] DEBUG   step  2 | action=0 reward=+0.000 done=False trnc=False
[2026-06-30 13:37:28] DEBUG   step  3 | action=2 reward=+0.476 done=False trnc=False
[2026-06-30 13:37:29] DEBUG   step  4 | action=0 reward=+0.000 done=False trnc=False
[2026-06-30 13:37:30] DEBUG   step  5 | action=2 reward=+0.096 done=True trnc=False
[2026-06-30 13:37:30] INFO    -> reward=0.57  avg=0.114  steps=5  done=True
[2026-06-30 13:37:31] INFO  Episode 114/195 | fail link=0 severity=0.68
[2026-06-30 13:37:32] DEBUG   step  1 | action=1 reward=+0.487 done=True trnc=False
[2026-06-30 13:37:32] INFO    -> reward=0.49  avg=0.487  steps=1  done=True
[2026-06-30 13:37:33] INFO  Episode 115/195 | fail link=2 severity=0.82
[2026-06-30 13:37:34] DEBUG   step  1 | action=3 reward=+0.480 done=False trnc=False
[2026-06-30 13:37:35] DEBUG   step  2 | action=3 reward=+0.128 done=True trnc=False
[2026-06-30 13:37:35] INFO    -> reward=0.61  avg=0.304  steps=2  done=True
[2026-06-30 13:37:36] INFO  Episode 116/195 | fail link=3 severity=0.88
[2026-06-30 13:37:37] DEBUG   step  1 | action=0 reward=+0.000 done=False trnc=False
[2026-06-30 13:37:38] DEBUG   step  2 | action=4 reward=+0.474 done=False trnc=False
[2026-06-30 13:37:39] DEBUG   step  3 | action=0 reward=+0.000 done=False trnc=False
[2026-06-30 13:37:40] DEBUG   step  4 | action=0 reward=+0.000 done=False trnc=False
[2026-06-30 13:37:41] DEBUG   step  5 | action=0 reward=+0.000 done=False trnc=False
[2026-06-30 13:37:42] DEBUG   step  6 | action=4 reward=+0.081 done=True trnc=False
[2026-06-30 13:37:42] INFO    -> reward=0.56  avg=0.093  steps=6  done=True
[2026-06-30 13:37:43] INFO  Episode 117/195 | fail link=2 severity=0.64
[2026-06-30 13:37:44] DEBUG   step  1 | action=0 reward=+0.000 done=False trnc=False
[2026-06-30 13:37:45] DEBUG   step  2 | action=3 reward=+0.489 done=True trnc=False
[2026-06-30 13:37:45] INFO    -> reward=0.49  avg=0.244  steps=2  done=True
[2026-06-30 13:37:46] INFO  Episode 118/195 | fail link=1 severity=0.76
[2026-06-30 13:37:47] DEBUG   step  1 | action=2 reward=+0.483 done=False trnc=False
[2026-06-30 13:37:48] DEBUG   step  2 | action=0 reward=+0.000 done=False trnc=False
[2026-06-30 13:37:49] DEBUG   step  3 | action=0 reward=+0.000 done=False trnc=False
[2026-06-30 13:37:50] DEBUG   step  4 | action=2 reward=+0.168 done=True trnc=False
[2026-06-30 13:37:50] INFO    -> reward=0.65  avg=0.163  steps=4  done=True
[2026-06-30 13:37:51] INFO  Episode 119/195 | fail link=2 severity=0.78
[2026-06-30 13:37:52] DEBUG   step  1 | action=0 reward=+0.000 done=False trnc=False
[2026-06-30 13:37:53] DEBUG   step  2 | action=0 reward=+0.000 done=False trnc=False
[2026-06-30 13:37:54] DEBUG   step  3 | action=3 reward=+0.482 done=False trnc=False
[2026-06-30 13:37:55] DEBUG   step  4 | action=0 reward=+0.000 done=False trnc=False
[2026-06-30 13:37:56] DEBUG   step  5 | action=3 reward=+0.158 done=True trnc=False
[2026-06-30 13:37:56] INFO    -> reward=0.64  avg=0.128  steps=5  done=True
[2026-06-30 13:37:57] INFO  Episode 120/195 | fail link=3 severity=0.68
[2026-06-30 13:37:58] DEBUG   step  1 | action=4 reward=+0.488 done=True trnc=False
[2026-06-30 13:37:58] INFO    -> reward=0.49  avg=0.488  steps=1  done=True
[2026-06-30 13:37:59] INFO  Episode 121/195 | fail link=0 severity=0.77
[2026-06-30 13:38:00] DEBUG   step  1 | action=1 reward=+0.483 done=False trnc=False
[2026-06-30 13:38:01] DEBUG   step  2 | action=1 reward=+0.167 done=True trnc=False
[2026-06-30 13:38:01] INFO    -> reward=0.65  avg=0.325  steps=2  done=True
[2026-06-30 13:38:02] INFO  Episode 122/195 | fail link=0 severity=0.74
[2026-06-30 13:38:03] DEBUG   step  1 | action=1 reward=+0.485 done=False trnc=False
[2026-06-30 13:38:04] DEBUG   step  2 | action=0 reward=+0.000 done=False trnc=False
[2026-06-30 13:38:05] DEBUG   step  3 | action=1 reward=+0.186 done=True trnc=False
[2026-06-30 13:38:05] INFO    -> reward=0.67  avg=0.224  steps=3  done=True
[2026-06-30 13:38:06] INFO  Episode 123/195 | fail link=2 severity=0.61
[2026-06-30 13:38:07] DEBUG   step  1 | action=3 reward=+0.489 done=True trnc=False
[2026-06-30 13:38:07] INFO    -> reward=0.49  avg=0.489  steps=1  done=True
[2026-06-30 13:38:08] INFO  Episode 124/195 | fail link=2 severity=0.71
[2026-06-30 13:38:09] DEBUG   step  1 | action=3 reward=+0.486 done=False trnc=False
[2026-06-30 13:38:10] DEBUG   step  2 | action=3 reward=+0.204 done=True trnc=False
[2026-06-30 13:38:10] INFO    -> reward=0.69  avg=0.345  steps=2  done=True
[2026-06-30 13:38:11] INFO  Episode 125/195 | fail link=1 severity=0.89
[2026-06-30 13:38:12] DEBUG   step  1 | action=2 reward=+0.473 done=False trnc=False
[2026-06-30 13:38:13] DEBUG   step  2 | action=0 reward=+0.000 done=False trnc=False
[2026-06-30 13:38:14] DEBUG   step  3 | action=2 reward=+0.068 done=True trnc=False
[2026-06-30 13:38:14] INFO    -> reward=0.54  avg=0.180  steps=3  done=True
[2026-06-30 13:38:15] INFO  Episode 126/195 | fail link=1 severity=0.65
[2026-06-30 13:38:16] DEBUG   step  1 | action=0 reward=+0.000 done=False trnc=False
[2026-06-30 13:38:17] DEBUG   step  2 | action=2 reward=+0.488 done=True trnc=False
[2026-06-30 13:38:17] INFO    -> reward=0.49  avg=0.244  steps=2  done=True
[2026-06-30 13:38:18] INFO  Episode 127/195 | fail link=3 severity=0.84
[2026-06-30 13:38:19] DEBUG   step  1 | action=4 reward=+0.478 done=False trnc=False
[2026-06-30 13:38:20] DEBUG   step  2 | action=0 reward=+0.000 done=False trnc=False
[2026-06-30 13:38:21] DEBUG   step  3 | action=0 reward=+0.000 done=False trnc=False
[2026-06-30 13:38:22] DEBUG   step  4 | action=0 reward=+0.000 done=False trnc=False
[2026-06-30 13:38:23] DEBUG   step  5 | action=0 reward=+0.000 done=False trnc=False
[2026-06-30 13:38:24] DEBUG   step  6 | action=0 reward=+0.000 done=False trnc=False
[2026-06-30 13:38:25] DEBUG   step  7 | action=0 reward=+0.000 done=False trnc=False
[2026-06-30 13:38:26] DEBUG   step  8 | action=0 reward=+0.000 done=False trnc=False
[2026-06-30 13:38:27] DEBUG   step  9 | action=0 reward=+0.000 done=False trnc=False
[2026-06-30 13:38:28] DEBUG   step 10 | action=0 reward=+0.000 done=False trnc=False
[2026-06-30 13:38:29] DEBUG   step 11 | action=0 reward=+0.000 done=False trnc=False
[2026-06-30 13:38:30] DEBUG   step 12 | action=4 reward=+0.110 done=True trnc=False
[2026-06-30 13:38:30] INFO    -> reward=0.59  avg=0.049  steps=12  done=True
[2026-06-30 13:38:31] INFO  Episode 128/195 | fail link=2 severity=0.71
[2026-06-30 13:38:32] DEBUG   step  1 | action=0 reward=+0.000 done=False trnc=False
[2026-06-30 13:38:33] DEBUG   step  2 | action=0 reward=+0.000 done=False trnc=False
[2026-06-30 13:38:34] DEBUG   step  3 | action=3 reward=+0.486 done=True trnc=False
[2026-06-30 13:38:34] INFO    -> reward=0.49  avg=0.162  steps=3  done=True
[2026-06-30 13:38:35] INFO  Episode 129/195 | fail link=0 severity=0.81
[2026-06-30 13:38:36] DEBUG   step  1 | action=0 reward=+0.000 done=False trnc=False
[2026-06-30 13:38:37] DEBUG   step  2 | action=1 reward=+0.481 done=False trnc=False
[2026-06-30 13:38:38] DEBUG   step  3 | action=0 reward=+0.000 done=False trnc=False
[2026-06-30 13:38:39] DEBUG   step  4 | action=1 reward=+0.138 done=True trnc=False
[2026-06-30 13:38:39] INFO    -> reward=0.62  avg=0.155  steps=4  done=True
[2026-06-30 13:38:40] INFO  Episode 130/195 | fail link=3 severity=0.84
[2026-06-30 13:38:41] DEBUG   step  1 | action=4 reward=+0.478 done=False trnc=False
[2026-06-30 13:38:42] DEBUG   step  2 | action=4 reward=+0.113 done=True trnc=False
[2026-06-30 13:38:42] INFO    -> reward=0.59  avg=0.296  steps=2  done=True
[2026-06-30 13:38:43] INFO  Episode 131/195 | fail link=2 severity=0.93
[2026-06-30 13:38:44] DEBUG   step  1 | action=3 reward=+0.469 done=False trnc=False
[2026-06-30 13:38:45] DEBUG   step  2 | action=0 reward=+0.000 done=False trnc=False
[2026-06-30 13:38:46] DEBUG   step  3 | action=0 reward=+0.000 done=False trnc=False
[2026-06-30 13:38:47] DEBUG   step  4 | action=0 reward=+0.000 done=False trnc=False
[2026-06-30 13:38:48] DEBUG   step  5 | action=3 reward=+0.034 done=True trnc=False
[2026-06-30 13:38:48] INFO    -> reward=0.50  avg=0.101  steps=5  done=True
[2026-06-30 13:38:49] INFO  Episode 132/195 | fail link=3 severity=0.91
[2026-06-30 13:38:50] DEBUG   step  1 | action=0 reward=+0.000 done=False trnc=False
[2026-06-30 13:38:51] DEBUG   step  2 | action=4 reward=+0.471 done=False trnc=False
[2026-06-30 13:38:52] DEBUG   step  3 | action=4 reward=+0.054 done=True trnc=False
[2026-06-30 13:38:52] INFO    -> reward=0.52  avg=0.175  steps=3  done=True
[2026-06-30 13:38:53] INFO  Episode 133/195 | fail link=2 severity=0.73
[2026-06-30 13:38:54] DEBUG   step  1 | action=3 reward=+0.485 done=False trnc=False
[2026-06-30 13:38:55] DEBUG   step  2 | action=0 reward=+0.000 done=False trnc=False
[2026-06-30 13:38:56] DEBUG   step  3 | action=3 reward=+0.192 done=True trnc=False
[2026-06-30 13:38:56] INFO    -> reward=0.68  avg=0.226  steps=3  done=True
[2026-06-30 13:38:57] INFO  Episode 134/195 | fail link=2 severity=0.78
[2026-06-30 13:38:58] DEBUG   step  1 | action=0 reward=+0.000 done=False trnc=False
[2026-06-30 13:38:59] DEBUG   step  2 | action=3 reward=+0.482 done=False trnc=False
[2026-06-30 13:39:00] DEBUG   step  3 | action=3 reward=+0.154 done=True trnc=False
[2026-06-30 13:39:00] INFO    -> reward=0.64  avg=0.212  steps=3  done=True
[2026-06-30 13:39:01] INFO  Episode 135/195 | fail link=0 severity=0.85
[2026-06-30 13:39:02] DEBUG   step  1 | action=1 reward=+0.477 done=False trnc=False
[2026-06-30 13:39:03] DEBUG   step  2 | action=0 reward=+0.000 done=False trnc=False
[2026-06-30 13:39:04] DEBUG   step  3 | action=0 reward=+0.000 done=False trnc=False
[2026-06-30 13:39:05] DEBUG   step  4 | action=0 reward=+0.000 done=False trnc=False
[2026-06-30 13:39:06] DEBUG   step  5 | action=0 reward=+0.000 done=False trnc=False
[2026-06-30 13:39:07] DEBUG   step  6 | action=0 reward=+0.000 done=False trnc=False
[2026-06-30 13:39:08] DEBUG   step  7 | action=0 reward=+0.000 done=False trnc=False
[2026-06-30 13:39:09] DEBUG   step  8 | action=0 reward=+0.000 done=False trnc=False
[2026-06-30 13:39:10] DEBUG   step  9 | action=1 reward=+0.101 done=True trnc=False
[2026-06-30 13:39:10] INFO    -> reward=0.58  avg=0.064  steps=9  done=True
[2026-06-30 13:39:11] INFO  Episode 136/195 | fail link=1 severity=0.87
[2026-06-30 13:39:12] DEBUG   step  1 | action=0 reward=+0.000 done=False trnc=False
[2026-06-30 13:39:13] DEBUG   step  2 | action=0 reward=+0.000 done=False trnc=False
[2026-06-30 13:39:14] DEBUG   step  3 | action=2 reward=+0.475 done=False trnc=False
[2026-06-30 13:39:15] DEBUG   step  4 | action=2 reward=+0.091 done=True trnc=False
[2026-06-30 13:39:15] INFO    -> reward=0.57  avg=0.142  steps=4  done=True
[2026-06-30 13:39:16] INFO  Episode 137/195 | fail link=0 severity=0.65
[2026-06-30 13:39:17] DEBUG   step  1 | action=1 reward=+0.488 done=True trnc=False
[2026-06-30 13:39:17] INFO    -> reward=0.49  avg=0.488  steps=1  done=True
[2026-06-30 13:39:18] INFO  Episode 138/195 | fail link=2 severity=0.79
[2026-06-30 13:39:19] DEBUG   step  1 | action=0 reward=+0.000 done=False trnc=False
[2026-06-30 13:39:20] DEBUG   step  2 | action=0 reward=+0.000 done=False trnc=False
[2026-06-30 13:39:21] DEBUG   step  3 | action=0 reward=+0.000 done=False trnc=False
[2026-06-30 13:39:22] DEBUG   step  4 | action=0 reward=+0.000 done=False trnc=False
[2026-06-30 13:39:23] DEBUG   step  5 | action=0 reward=+0.000 done=False trnc=False
[2026-06-30 13:39:24] DEBUG   step  6 | action=0 reward=+0.000 done=False trnc=False
[2026-06-30 13:39:25] DEBUG   step  7 | action=0 reward=+0.000 done=False trnc=False
[2026-06-30 13:39:26] DEBUG   step  8 | action=0 reward=+0.000 done=False trnc=False
[2026-06-30 13:39:27] DEBUG   step  9 | action=3 reward=+0.482 done=False trnc=False
[2026-06-30 13:39:28] DEBUG   step 10 | action=3 reward=+0.149 done=True trnc=False
[2026-06-30 13:39:28] INFO    -> reward=0.63  avg=0.063  steps=10  done=True
[2026-06-30 13:39:29] INFO  Episode 139/195 | fail link=1 severity=0.72
[2026-06-30 13:39:30] DEBUG   step  1 | action=2 reward=+0.486 done=False trnc=False
[2026-06-30 13:39:31] DEBUG   step  2 | action=0 reward=+0.000 done=False trnc=False
[2026-06-30 13:39:32] DEBUG   step  3 | action=0 reward=+0.000 done=False trnc=False
[2026-06-30 13:39:33] DEBUG   step  4 | action=0 reward=+0.000 done=False trnc=False
[2026-06-30 13:39:34] DEBUG   step  5 | action=2 reward=+0.201 done=True trnc=False
[2026-06-30 13:39:34] INFO    -> reward=0.69  avg=0.137  steps=5  done=True
[2026-06-30 13:39:35] INFO  Episode 140/195 | fail link=1 severity=0.95
[2026-06-30 13:39:36] DEBUG   step  1 | action=2 reward=+0.467 done=False trnc=False
[2026-06-30 13:39:37] DEBUG   step  2 | action=2 reward=+0.019 done=True trnc=False
[2026-06-30 13:39:37] INFO    -> reward=0.49  avg=0.243  steps=2  done=True
[2026-06-30 13:39:38] INFO  Episode 141/195 | fail link=0 severity=0.82
[2026-06-30 13:39:39] DEBUG   step  1 | action=0 reward=+0.000 done=False trnc=False
[2026-06-30 13:39:40] DEBUG   step  2 | action=1 reward=+0.479 done=False trnc=False
[2026-06-30 13:39:41] DEBUG   step  3 | action=1 reward=+0.124 done=True trnc=False
[2026-06-30 13:39:41] INFO    -> reward=0.60  avg=0.201  steps=3  done=True
[2026-06-30 13:39:42] INFO  Episode 142/195 | fail link=0 severity=0.72
[2026-06-30 13:39:43] DEBUG   step  1 | action=1 reward=+0.486 done=False trnc=False
[2026-06-30 13:39:44] DEBUG   step  2 | action=0 reward=+0.000 done=False trnc=False
[2026-06-30 13:39:45] DEBUG   step  3 | action=1 reward=+0.199 done=True trnc=False
[2026-06-30 13:39:45] INFO    -> reward=0.69  avg=0.228  steps=3  done=True
[2026-06-30 13:39:46] INFO  Episode 143/195 | fail link=1 severity=0.94
[2026-06-30 13:39:47] DEBUG   step  1 | action=2 reward=+0.467 done=False trnc=False
[2026-06-30 13:39:48] DEBUG   step  2 | action=2 reward=+0.023 done=True trnc=False
[2026-06-30 13:39:48] INFO    -> reward=0.49  avg=0.245  steps=2  done=True
[2026-06-30 13:39:49] INFO  Episode 144/195 | fail link=0 severity=0.92
[2026-06-30 13:39:50] DEBUG   step  1 | action=1 reward=+0.470 done=False trnc=False
[2026-06-30 13:39:51] DEBUG   step  2 | action=0 reward=+0.000 done=False trnc=False
[2026-06-30 13:39:52] DEBUG   step  3 | action=1 reward=+0.045 done=True trnc=False
[2026-06-30 13:39:52] INFO    -> reward=0.51  avg=0.172  steps=3  done=True
[2026-06-30 13:39:53] INFO  Episode 145/195 | fail link=0 severity=0.87
[2026-06-30 13:39:54] DEBUG   step  1 | action=1 reward=+0.476 done=False trnc=False
[2026-06-30 13:39:55] DEBUG   step  2 | action=0 reward=+0.000 done=False trnc=False
[2026-06-30 13:39:56] DEBUG   step  3 | action=1 reward=+0.091 done=True trnc=False
[2026-06-30 13:39:56] INFO    -> reward=0.57  avg=0.189  steps=3  done=True
[2026-06-30 13:39:57] INFO  Episode 146/195 | fail link=2 severity=0.76
[2026-06-30 13:39:58] DEBUG   step  1 | action=3 reward=+0.484 done=False trnc=False
[2026-06-30 13:39:59] DEBUG   step  2 | action=0 reward=+0.000 done=False trnc=False
[2026-06-30 13:40:00] DEBUG   step  3 | action=3 reward=+0.174 done=True trnc=False
[2026-06-30 13:40:00] INFO    -> reward=0.66  avg=0.219  steps=3  done=True
[2026-06-30 13:40:01] INFO  Episode 147/195 | fail link=3 severity=0.87
[2026-06-30 13:40:02] DEBUG   step  1 | action=4 reward=+0.475 done=False trnc=False
[2026-06-30 13:40:03] DEBUG   step  2 | action=4 reward=+0.085 done=True trnc=False
[2026-06-30 13:40:03] INFO    -> reward=0.56  avg=0.280  steps=2  done=True
[2026-06-30 13:40:04] INFO  Episode 148/195 | fail link=0 severity=0.84
[2026-06-30 13:40:05] DEBUG   step  1 | action=1 reward=+0.478 done=False trnc=False
[2026-06-30 13:40:06] DEBUG   step  2 | action=1 reward=+0.114 done=True trnc=False
[2026-06-30 13:40:06] INFO    -> reward=0.59  avg=0.296  steps=2  done=True
[2026-06-30 13:40:07] INFO  Episode 149/195 | fail link=1 severity=0.76
[2026-06-30 13:40:08] DEBUG   step  1 | action=0 reward=+0.000 done=False trnc=False
[2026-06-30 13:40:09] DEBUG   step  2 | action=0 reward=+0.000 done=False trnc=False
[2026-06-30 13:40:10] DEBUG   step  3 | action=0 reward=+0.000 done=False trnc=False
[2026-06-30 13:40:11] DEBUG   step  4 | action=0 reward=+0.000 done=False trnc=False
[2026-06-30 13:40:12] DEBUG   step  5 | action=0 reward=+0.000 done=False trnc=False
[2026-06-30 13:40:13] DEBUG   step  6 | action=0 reward=+0.000 done=False trnc=False
[2026-06-30 13:40:14] DEBUG   step  7 | action=2 reward=+0.484 done=False trnc=False
[2026-06-30 13:40:15] DEBUG   step  8 | action=0 reward=+0.000 done=False trnc=False
[2026-06-30 13:40:16] DEBUG   step  9 | action=2 reward=+0.172 done=True trnc=False
[2026-06-30 13:40:16] INFO    -> reward=0.66  avg=0.073  steps=9  done=True
[2026-06-30 13:40:17] INFO  Episode 150/195 | fail link=2 severity=0.80
[2026-06-30 13:40:18] DEBUG   step  1 | action=0 reward=+0.000 done=False trnc=False
[2026-06-30 13:40:19] DEBUG   step  2 | action=0 reward=+0.000 done=False trnc=False
[2026-06-30 13:40:20] DEBUG   step  3 | action=0 reward=+0.000 done=False trnc=False
[2026-06-30 13:40:21] DEBUG   step  4 | action=3 reward=+0.481 done=False trnc=False
[2026-06-30 13:40:22] DEBUG   step  5 | action=3 reward=+0.144 done=True trnc=False
[2026-06-30 13:40:22] INFO    -> reward=0.63  avg=0.125  steps=5  done=True
[2026-06-30 13:40:23] INFO  Episode 151/195 | fail link=3 severity=0.91
[2026-06-30 13:40:24] DEBUG   step  1 | action=4 reward=+0.471 done=False trnc=False
[2026-06-30 13:40:25] DEBUG   step  2 | action=4 reward=+0.053 done=True trnc=False
[2026-06-30 13:40:25] INFO    -> reward=0.52  avg=0.262  steps=2  done=True
[2026-06-30 13:40:26] INFO  Episode 152/195 | fail link=1 severity=0.68
[2026-06-30 13:40:27] DEBUG   step  1 | action=0 reward=+0.000 done=False trnc=False
[2026-06-30 13:40:28] DEBUG   step  2 | action=0 reward=+0.000 done=False trnc=False
[2026-06-30 13:40:29] DEBUG   step  3 | action=0 reward=+0.000 done=False trnc=False
[2026-06-30 13:40:30] DEBUG   step  4 | action=0 reward=+0.000 done=False trnc=False
[2026-06-30 13:40:31] DEBUG   step  5 | action=0 reward=+0.000 done=False trnc=False
[2026-06-30 13:40:32] DEBUG   step  6 | action=2 reward=+0.487 done=True trnc=False
[2026-06-30 13:40:32] INFO    -> reward=0.49  avg=0.081  steps=6  done=True
[2026-06-30 13:40:33] INFO  Episode 153/195 | fail link=1 severity=0.73
[2026-06-30 13:40:34] DEBUG   step  1 | action=0 reward=+0.000 done=False trnc=False
[2026-06-30 13:40:35] DEBUG   step  2 | action=2 reward=+0.485 done=False trnc=False
[2026-06-30 13:40:36] DEBUG   step  3 | action=2 reward=+0.192 done=True trnc=False
[2026-06-30 13:40:36] INFO    -> reward=0.68  avg=0.226  steps=3  done=True
[2026-06-30 13:40:37] INFO  Episode 154/195 | fail link=0 severity=0.95
[2026-06-30 13:40:38] DEBUG   step  1 | action=1 reward=+0.467 done=False trnc=False
[2026-06-30 13:40:39] DEBUG   step  2 | action=0 reward=+0.000 done=False trnc=False
[2026-06-30 13:40:40] DEBUG   step  3 | action=1 reward=+0.020 done=True trnc=False
[2026-06-30 13:40:40] INFO    -> reward=0.49  avg=0.162  steps=3  done=True
[2026-06-30 13:40:41] INFO  Episode 155/195 | fail link=3 severity=0.86
[2026-06-30 13:40:42] DEBUG   step  1 | action=0 reward=+0.000 done=False trnc=False
[2026-06-30 13:40:43] DEBUG   step  2 | action=4 reward=+0.476 done=False trnc=False
[2026-06-30 13:40:44] DEBUG   step  3 | action=4 reward=+0.096 done=True trnc=False
[2026-06-30 13:40:44] INFO    -> reward=0.57  avg=0.191  steps=3  done=True
[2026-06-30 13:40:45] INFO  Episode 156/195 | fail link=0 severity=0.72
[2026-06-30 13:40:46] DEBUG   step  1 | action=0 reward=+0.000 done=False trnc=False
[2026-06-30 13:40:47] DEBUG   step  2 | action=0 reward=+0.000 done=False trnc=False
[2026-06-30 13:40:48] DEBUG   step  3 | action=0 reward=+0.000 done=False trnc=False
[2026-06-30 13:40:49] DEBUG   step  4 | action=0 reward=+0.000 done=False trnc=False
[2026-06-30 13:40:50] DEBUG   step  5 | action=1 reward=+0.486 done=False trnc=False
[2026-06-30 13:40:51] DEBUG   step  6 | action=1 reward=+0.197 done=True trnc=False
[2026-06-30 13:40:51] INFO    -> reward=0.68  avg=0.114  steps=6  done=True
[2026-06-30 13:40:52] INFO  Episode 157/195 | fail link=1 severity=0.80
[2026-06-30 13:40:53] DEBUG   step  1 | action=2 reward=+0.481 done=False trnc=False
[2026-06-30 13:40:54] DEBUG   step  2 | action=2 reward=+0.142 done=True trnc=False
[2026-06-30 13:40:54] INFO    -> reward=0.62  avg=0.311  steps=2  done=True
[2026-06-30 13:40:55] INFO  Episode 158/195 | fail link=0 severity=0.94
[2026-06-30 13:40:56] DEBUG   step  1 | action=1 reward=+0.468 done=False trnc=False
[2026-06-30 13:40:57] DEBUG   step  2 | action=0 reward=+0.000 done=False trnc=False
[2026-06-30 13:40:58] DEBUG   step  3 | action=0 reward=+0.000 done=False trnc=False
[2026-06-30 13:40:59] DEBUG   step  4 | action=0 reward=+0.000 done=False trnc=False
[2026-06-30 13:41:00] DEBUG   step  5 | action=1 reward=+0.029 done=True trnc=False
[2026-06-30 13:41:00] INFO    -> reward=0.50  avg=0.099  steps=5  done=True
[2026-06-30 13:41:01] INFO  Episode 159/195 | fail link=3 severity=0.93
[2026-06-30 13:41:02] DEBUG   step  1 | action=4 reward=+0.469 done=False trnc=False
[2026-06-30 13:41:03] DEBUG   step  2 | action=4 reward=+0.039 done=True trnc=False
[2026-06-30 13:41:03] INFO    -> reward=0.51  avg=0.254  steps=2  done=True
[2026-06-30 13:41:04] INFO  Episode 160/195 | fail link=2 severity=0.79
[2026-06-30 13:41:05] DEBUG   step  1 | action=3 reward=+0.482 done=False trnc=False
[2026-06-30 13:41:06] DEBUG   step  2 | action=0 reward=+0.000 done=False trnc=False
[2026-06-30 13:41:07] DEBUG   step  3 | action=3 reward=+0.148 done=True trnc=False
[2026-06-30 13:41:07] INFO    -> reward=0.63  avg=0.210  steps=3  done=True
[2026-06-30 13:41:08] INFO  Episode 161/195 | fail link=3 severity=0.92
[2026-06-30 13:41:09] DEBUG   step  1 | action=0 reward=+0.000 done=False trnc=False
[2026-06-30 13:41:10] DEBUG   step  2 | action=0 reward=+0.000 done=False trnc=False
[2026-06-30 13:41:11] DEBUG   step  3 | action=0 reward=+0.000 done=False trnc=False
[2026-06-30 13:41:12] DEBUG   step  4 | action=0 reward=+0.000 done=False trnc=False
[2026-06-30 13:41:13] DEBUG   step  5 | action=0 reward=+0.000 done=False trnc=False
[2026-06-30 13:41:14] DEBUG   step  6 | action=0 reward=+0.000 done=False trnc=False
[2026-06-30 13:41:15] DEBUG   step  7 | action=4 reward=+0.470 done=False trnc=False
[2026-06-30 13:41:16] DEBUG   step  8 | action=0 reward=+0.000 done=False trnc=False
[2026-06-30 13:41:17] DEBUG   step  9 | action=0 reward=+0.000 done=False trnc=False
[2026-06-30 13:41:18] DEBUG   step 10 | action=0 reward=+0.000 done=False trnc=False
[2026-06-30 13:41:19] DEBUG   step 11 | action=4 reward=+0.045 done=True trnc=False
[2026-06-30 13:41:19] INFO    -> reward=0.51  avg=0.047  steps=11  done=True
[2026-06-30 13:41:20] INFO  Episode 162/195 | fail link=3 severity=0.72
[2026-06-30 13:41:21] DEBUG   step  1 | action=0 reward=+0.000 done=False trnc=False
[2026-06-30 13:41:22] DEBUG   step  2 | action=0 reward=+0.000 done=False trnc=False
[2026-06-30 13:41:23] DEBUG   step  3 | action=4 reward=+0.486 done=False trnc=False
[2026-06-30 13:41:24] DEBUG   step  4 | action=0 reward=+0.000 done=False trnc=False
[2026-06-30 13:41:25] DEBUG   step  5 | action=4 reward=+0.200 done=True trnc=False
[2026-06-30 13:41:25] INFO    -> reward=0.69  avg=0.137  steps=5  done=True
[2026-06-30 13:41:26] INFO  Episode 163/195 | fail link=0 severity=0.88
[2026-06-30 13:41:27] DEBUG   step  1 | action=0 reward=+0.000 done=False trnc=False
[2026-06-30 13:41:28] DEBUG   step  2 | action=0 reward=+0.000 done=False trnc=False
[2026-06-30 13:41:29] DEBUG   step  3 | action=1 reward=+0.474 done=False trnc=False
[2026-06-30 13:41:30] DEBUG   step  4 | action=1 reward=+0.075 done=True trnc=False
[2026-06-30 13:41:30] INFO    -> reward=0.55  avg=0.137  steps=4  done=True
[2026-06-30 13:41:31] INFO  Episode 164/195 | fail link=1 severity=0.82
[2026-06-30 13:41:32] DEBUG   step  1 | action=0 reward=+0.000 done=False trnc=False
[2026-06-30 13:41:33] DEBUG   step  2 | action=0 reward=+0.000 done=False trnc=False
[2026-06-30 13:41:34] DEBUG   step  3 | action=0 reward=+0.000 done=False trnc=False
[2026-06-30 13:41:35] DEBUG   step  4 | action=0 reward=+0.000 done=False trnc=False
[2026-06-30 13:41:36] DEBUG   step  5 | action=2 reward=+0.480 done=False trnc=False
[2026-06-30 13:41:37] DEBUG   step  6 | action=2 reward=+0.130 done=True trnc=False
[2026-06-30 13:41:37] INFO    -> reward=0.61  avg=0.102  steps=6  done=True
[2026-06-30 13:41:38] INFO  Episode 165/195 | fail link=0 severity=0.79
[2026-06-30 13:41:39] DEBUG   step  1 | action=0 reward=+0.000 done=False trnc=False
[2026-06-30 13:41:40] DEBUG   step  2 | action=1 reward=+0.481 done=False trnc=False
[2026-06-30 13:41:41] DEBUG   step  3 | action=1 reward=+0.147 done=True trnc=False
[2026-06-30 13:41:41] INFO    -> reward=0.63  avg=0.210  steps=3  done=True
[2026-06-30 13:41:42] INFO  Episode 166/195 | fail link=2 severity=0.84
[2026-06-30 13:41:43] DEBUG   step  1 | action=3 reward=+0.478 done=False trnc=False
[2026-06-30 13:41:44] DEBUG   step  2 | action=3 reward=+0.115 done=True trnc=False
[2026-06-30 13:41:44] INFO    -> reward=0.59  avg=0.297  steps=2  done=True
[2026-06-30 13:41:45] INFO  Episode 167/195 | fail link=2 severity=0.74
[2026-06-30 13:41:46] DEBUG   step  1 | action=3 reward=+0.485 done=False trnc=False
[2026-06-30 13:41:47] DEBUG   step  2 | action=3 reward=+0.183 done=True trnc=False
[2026-06-30 13:41:47] INFO    -> reward=0.67  avg=0.334  steps=2  done=True
[2026-06-30 13:41:48] INFO  Episode 168/195 | fail link=3 severity=0.82
[2026-06-30 13:41:49] DEBUG   step  1 | action=0 reward=+0.000 done=False trnc=False
[2026-06-30 13:41:50] DEBUG   step  2 | action=0 reward=+0.000 done=False trnc=False
[2026-06-30 13:41:51] DEBUG   step  3 | action=4 reward=+0.480 done=False trnc=False
[2026-06-30 13:41:52] DEBUG   step  4 | action=0 reward=+0.000 done=False trnc=False
[2026-06-30 13:41:53] DEBUG   step  5 | action=0 reward=+0.000 done=False trnc=False
[2026-06-30 13:41:54] DEBUG   step  6 | action=0 reward=+0.000 done=False trnc=False
[2026-06-30 13:41:55] DEBUG   step  7 | action=0 reward=+0.000 done=False trnc=False
[2026-06-30 13:41:56] DEBUG   step  8 | action=4 reward=+0.128 done=True trnc=False
[2026-06-30 13:41:56] INFO    -> reward=0.61  avg=0.076  steps=8  done=True
[2026-06-30 13:41:57] INFO  Episode 169/195 | fail link=3 severity=0.70
[2026-06-30 13:41:58] DEBUG   step  1 | action=0 reward=+0.000 done=False trnc=False
[2026-06-30 13:41:59] DEBUG   step  2 | action=4 reward=+0.487 done=True trnc=False
[2026-06-30 13:41:59] INFO    -> reward=0.49  avg=0.243  steps=2  done=True
[2026-06-30 13:42:00] INFO  Episode 170/195 | fail link=2 severity=0.72
[2026-06-30 13:42:01] DEBUG   step  1 | action=3 reward=+0.486 done=False trnc=False
[2026-06-30 13:42:02] DEBUG   step  2 | action=0 reward=+0.000 done=False trnc=False
[2026-06-30 13:42:03] DEBUG   step  3 | action=0 reward=+0.000 done=False trnc=False
[2026-06-30 13:42:04] DEBUG   step  4 | action=3 reward=+0.199 done=True trnc=False
[2026-06-30 13:42:04] INFO    -> reward=0.68  avg=0.171  steps=4  done=True
[2026-06-30 13:42:05] INFO  Episode 171/195 | fail link=3 severity=0.91
[2026-06-30 13:42:06] DEBUG   step  1 | action=4 reward=+0.471 done=False trnc=False
[2026-06-30 13:42:07] DEBUG   step  2 | action=4 reward=+0.054 done=True trnc=False
[2026-06-30 13:42:07] INFO    -> reward=0.53  avg=0.263  steps=2  done=True
[2026-06-30 13:42:08] INFO  Episode 172/195 | fail link=1 severity=0.87
[2026-06-30 13:42:09] DEBUG   step  1 | action=2 reward=+0.475 done=False trnc=False
[2026-06-30 13:42:10] DEBUG   step  2 | action=2 reward=+0.084 done=True trnc=False
[2026-06-30 13:42:10] INFO    -> reward=0.56  avg=0.280  steps=2  done=True
[2026-06-30 13:42:11] INFO  Episode 173/195 | fail link=1 severity=0.88
[2026-06-30 13:42:12] DEBUG   step  1 | action=0 reward=+0.000 done=False trnc=False
[2026-06-30 13:42:13] DEBUG   step  2 | action=0 reward=+0.000 done=False trnc=False
[2026-06-30 13:42:14] DEBUG   step  3 | action=0 reward=+0.000 done=False trnc=False
[2026-06-30 13:42:15] DEBUG   step  4 | action=0 reward=+0.000 done=False trnc=False
[2026-06-30 13:42:16] DEBUG   step  5 | action=2 reward=+0.475 done=False trnc=False
[2026-06-30 13:42:17] DEBUG   step  6 | action=2 reward=+0.083 done=True trnc=False
[2026-06-30 13:42:17] INFO    -> reward=0.56  avg=0.093  steps=6  done=True
[2026-06-30 13:42:18] INFO  Episode 174/195 | fail link=0 severity=0.69
[2026-06-30 13:42:19] DEBUG   step  1 | action=0 reward=+0.000 done=False trnc=False
[2026-06-30 13:42:20] DEBUG   step  2 | action=1 reward=+0.487 done=True trnc=False
[2026-06-30 13:42:20] INFO    -> reward=0.49  avg=0.244  steps=2  done=True
[2026-06-30 13:42:21] INFO  Episode 175/195 | fail link=2 severity=0.77
[2026-06-30 13:42:22] DEBUG   step  1 | action=3 reward=+0.483 done=False trnc=False
[2026-06-30 13:42:23] DEBUG   step  2 | action=0 reward=+0.000 done=False trnc=False
[2026-06-30 13:42:24] DEBUG   step  3 | action=3 reward=+0.164 done=True trnc=False
[2026-06-30 13:42:24] INFO    -> reward=0.65  avg=0.216  steps=3  done=True
[2026-06-30 13:42:25] INFO  Episode 176/195 | fail link=1 severity=0.87
[2026-06-30 13:42:26] DEBUG   step  1 | action=2 reward=+0.475 done=False trnc=False
[2026-06-30 13:42:27] DEBUG   step  2 | action=0 reward=+0.000 done=False trnc=False
[2026-06-30 13:42:28] DEBUG   step  3 | action=0 reward=+0.000 done=False trnc=False
[2026-06-30 13:42:29] DEBUG   step  4 | action=2 reward=+0.090 done=True trnc=False
[2026-06-30 13:42:29] INFO    -> reward=0.57  avg=0.141  steps=4  done=True
[2026-06-30 13:42:30] INFO  Episode 177/195 | fail link=2 severity=0.85
[2026-06-30 13:42:31] DEBUG   step  1 | action=0 reward=+0.000 done=False trnc=False
[2026-06-30 13:42:32] DEBUG   step  2 | action=3 reward=+0.477 done=False trnc=False
[2026-06-30 13:42:33] DEBUG   step  3 | action=3 reward=+0.103 done=True trnc=False
[2026-06-30 13:42:33] INFO    -> reward=0.58  avg=0.193  steps=3  done=True
[2026-06-30 13:42:34] INFO  Episode 178/195 | fail link=1 severity=0.65
[2026-06-30 13:42:35] DEBUG   step  1 | action=0 reward=+0.000 done=False trnc=False
[2026-06-30 13:42:36] DEBUG   step  2 | action=2 reward=+0.488 done=True trnc=False
[2026-06-30 13:42:36] INFO    -> reward=0.49  avg=0.244  steps=2  done=True
[2026-06-30 13:42:37] INFO  Episode 179/195 | fail link=3 severity=0.83
[2026-06-30 13:42:38] DEBUG   step  1 | action=4 reward=+0.479 done=False trnc=False
[2026-06-30 13:42:39] DEBUG   step  2 | action=4 reward=+0.121 done=True trnc=False
[2026-06-30 13:42:39] INFO    -> reward=0.60  avg=0.300  steps=2  done=True
[2026-06-30 13:42:40] INFO  Episode 180/195 | fail link=1 severity=0.91
[2026-06-30 13:42:41] DEBUG   step  1 | action=2 reward=+0.471 done=False trnc=False
[2026-06-30 13:42:42] DEBUG   step  2 | action=2 reward=+0.052 done=True trnc=False
[2026-06-30 13:42:42] INFO    -> reward=0.52  avg=0.261  steps=2  done=True
[2026-06-30 13:42:43] INFO  Episode 181/195 | fail link=1 severity=0.83
[2026-06-30 13:42:44] DEBUG   step  1 | action=0 reward=+0.000 done=False trnc=False
[2026-06-30 13:42:45] DEBUG   step  2 | action=2 reward=+0.479 done=False trnc=False
[2026-06-30 13:42:46] DEBUG   step  3 | action=0 reward=+0.000 done=False trnc=False
[2026-06-30 13:42:47] DEBUG   step  4 | action=0 reward=+0.000 done=False trnc=False
[2026-06-30 13:42:48] DEBUG   step  5 | action=0 reward=+0.000 done=False trnc=False
[2026-06-30 13:42:49] DEBUG   step  6 | action=2 reward=+0.120 done=True trnc=False
[2026-06-30 13:42:49] INFO    -> reward=0.60  avg=0.100  steps=6  done=True
[2026-06-30 13:42:50] INFO  Episode 182/195 | fail link=2 severity=0.76
[2026-06-30 13:42:51] DEBUG   step  1 | action=3 reward=+0.484 done=False trnc=False
[2026-06-30 13:42:52] DEBUG   step  2 | action=0 reward=+0.000 done=False trnc=False
[2026-06-30 13:42:53] DEBUG   step  3 | action=0 reward=+0.000 done=False trnc=False
[2026-06-30 13:42:54] DEBUG   step  4 | action=3 reward=+0.171 done=True trnc=False
[2026-06-30 13:42:54] INFO    -> reward=0.65  avg=0.164  steps=4  done=True
[2026-06-30 13:42:55] INFO  Episode 183/195 | fail link=3 severity=0.80
[2026-06-30 13:42:56] DEBUG   step  1 | action=0 reward=+0.000 done=False trnc=False
[2026-06-30 13:42:57] DEBUG   step  2 | action=4 reward=+0.481 done=False trnc=False
[2026-06-30 13:42:58] DEBUG   step  3 | action=4 reward=+0.144 done=True trnc=False
[2026-06-30 13:42:58] INFO    -> reward=0.63  avg=0.208  steps=3  done=True
[2026-06-30 13:42:59] INFO  Episode 184/195 | fail link=2 severity=0.81
[2026-06-30 13:43:00] DEBUG   step  1 | action=0 reward=+0.000 done=False trnc=False
[2026-06-30 13:43:01] DEBUG   step  2 | action=0 reward=+0.000 done=False trnc=False
[2026-06-30 13:43:02] DEBUG   step  3 | action=3 reward=+0.480 done=False trnc=False
[2026-06-30 13:43:03] DEBUG   step  4 | action=0 reward=+0.000 done=False trnc=False
[2026-06-30 13:43:04] DEBUG   step  5 | action=3 reward=+0.135 done=True trnc=False
[2026-06-30 13:43:04] INFO    -> reward=0.61  avg=0.123  steps=5  done=True
[2026-06-30 13:43:05] INFO  Episode 185/195 | fail link=1 severity=0.69
[2026-06-30 13:43:06] DEBUG   step  1 | action=2 reward=+0.487 done=True trnc=False
[2026-06-30 13:43:06] INFO    -> reward=0.49  avg=0.487  steps=1  done=True
[2026-06-30 13:43:07] INFO  Episode 186/195 | fail link=1 severity=0.86
[2026-06-30 13:43:08] DEBUG   step  1 | action=2 reward=+0.476 done=False trnc=False
[2026-06-30 13:43:09] DEBUG   step  2 | action=0 reward=+0.000 done=False trnc=False
[2026-06-30 13:43:10] DEBUG   step  3 | action=0 reward=+0.000 done=False trnc=False
[2026-06-30 13:43:11] DEBUG   step  4 | action=0 reward=+0.000 done=False trnc=False
[2026-06-30 13:43:12] DEBUG   step  5 | action=0 reward=+0.000 done=False trnc=False
[2026-06-30 13:43:13] DEBUG   step  6 | action=2 reward=+0.095 done=True trnc=False
[2026-06-30 13:43:13] INFO    -> reward=0.57  avg=0.095  steps=6  done=True
[2026-06-30 13:43:14] INFO  Episode 187/195 | fail link=3 severity=0.80
[2026-06-30 13:43:15] DEBUG   step  1 | action=4 reward=+0.481 done=False trnc=False
[2026-06-30 13:43:16] DEBUG   step  2 | action=4 reward=+0.141 done=True trnc=False
[2026-06-30 13:43:16] INFO    -> reward=0.62  avg=0.311  steps=2  done=True
[2026-06-30 13:43:17] INFO  Episode 188/195 | fail link=1 severity=0.72
[2026-06-30 13:43:18] DEBUG   step  1 | action=0 reward=+0.000 done=False trnc=False
[2026-06-30 13:43:19] DEBUG   step  2 | action=0 reward=+0.000 done=False trnc=False
[2026-06-30 13:43:20] DEBUG   step  3 | action=0 reward=+0.000 done=False trnc=False
[2026-06-30 13:43:21] DEBUG   step  4 | action=2 reward=+0.486 done=False trnc=False
[2026-06-30 13:43:22] DEBUG   step  5 | action=2 reward=+0.201 done=True trnc=False
[2026-06-30 13:43:22] INFO    -> reward=0.69  avg=0.137  steps=5  done=True
[2026-06-30 13:43:23] INFO  Episode 189/195 | fail link=3 severity=0.63
[2026-06-30 13:43:24] DEBUG   step  1 | action=4 reward=+0.489 done=True trnc=False
[2026-06-30 13:43:24] INFO    -> reward=0.49  avg=0.489  steps=1  done=True
[2026-06-30 13:43:25] INFO  Episode 190/195 | fail link=2 severity=0.77
[2026-06-30 13:43:26] DEBUG   step  1 | action=3 reward=+0.483 done=False trnc=False
[2026-06-30 13:43:27] DEBUG   step  2 | action=0 reward=+0.000 done=False trnc=False
[2026-06-30 13:43:28] DEBUG   step  3 | action=0 reward=+0.000 done=False trnc=False
[2026-06-30 13:43:29] DEBUG   step  4 | action=0 reward=+0.000 done=False trnc=False
[2026-06-30 13:43:30] DEBUG   step  5 | action=3 reward=+0.162 done=True trnc=False
[2026-06-30 13:43:30] INFO    -> reward=0.64  avg=0.129  steps=5  done=True
[2026-06-30 13:43:31] INFO  Episode 191/195 | fail link=2 severity=0.85
[2026-06-30 13:43:32] DEBUG   step  1 | action=3 reward=+0.477 done=False trnc=False
[2026-06-30 13:43:33] DEBUG   step  2 | action=0 reward=+0.000 done=False trnc=False
[2026-06-30 13:43:34] DEBUG   step  3 | action=3 reward=+0.106 done=True trnc=False
[2026-06-30 13:43:34] INFO    -> reward=0.58  avg=0.195  steps=3  done=True
[2026-06-30 13:43:35] INFO  Episode 192/195 | fail link=0 severity=0.76
[2026-06-30 13:43:36] DEBUG   step  1 | action=0 reward=+0.000 done=False trnc=False
[2026-06-30 13:43:37] DEBUG   step  2 | action=0 reward=+0.000 done=False trnc=False
[2026-06-30 13:43:38] DEBUG   step  3 | action=1 reward=+0.484 done=False trnc=False
[2026-06-30 13:43:39] DEBUG   step  4 | action=0 reward=+0.000 done=False trnc=False
[2026-06-30 13:43:40] DEBUG   step  5 | action=1 reward=+0.174 done=True trnc=False
[2026-06-30 13:43:40] INFO    -> reward=0.66  avg=0.132  steps=5  done=True
[2026-06-30 13:43:41] INFO  Episode 193/195 | fail link=2 severity=0.62
[2026-06-30 13:43:42] DEBUG   step  1 | action=3 reward=+0.489 done=True trnc=False
[2026-06-30 13:43:42] INFO    -> reward=0.49  avg=0.489  steps=1  done=True
[2026-06-30 13:43:43] INFO  Episode 194/195 | fail link=3 severity=0.82
[2026-06-30 13:43:44] DEBUG   step  1 | action=4 reward=+0.479 done=False trnc=False
[2026-06-30 13:43:45] DEBUG   step  2 | action=4 reward=+0.124 done=True trnc=False
[2026-06-30 13:43:45] INFO    -> reward=0.60  avg=0.302  steps=2  done=True
[2026-06-30 13:43:46] INFO  Episode 195/195 | fail link=0 severity=0.64
[2026-06-30 13:43:47] DEBUG   step  1 | action=1 reward=+0.489 done=True trnc=False
[2026-06-30 13:43:47] INFO    -> reward=0.49  avg=0.489  steps=1  done=True
[2026-06-30 13:43:47] INFO  Training complete. Model saved to self_healing_sim.zip
