[2026-07-09 10:24:18] INFO  ============================================================
[2026-07-09 10:24:18] INFO  TRAINING MODE: Real network (GNS3 + ODL)
[2026-07-09 10:24:18] INFO  episodes=100  steps_per_ep=50  num_links=4
[2026-07-09 10:24:18] INFO  hyperparams: lr=0.0003  gamma=0.95  n_steps=128
[2026-07-09 10:24:18] INFO  ============================================================
[2026-07-09 10:24:19] INFO  Episode   1/100 | failing link=2 port=3
[2026-07-09 10:24:32] DEBUG   no valid reroute targets — ending early
[2026-07-09 10:24:32] INFO    -> reward=0.00  avg_last_20=0.000  steps=1  done=False
[2026-07-09 10:24:41] INFO  Episode   2/100 | failing link=3 port=4
[2026-07-09 10:24:54] DEBUG   no valid reroute targets — ending early
[2026-07-09 10:24:54] INFO    -> reward=0.00  avg_last_20=0.000  steps=1  done=False
[2026-07-09 10:25:04] INFO  Episode   3/100 | failing link=2 port=3
[2026-07-09 10:25:17] DEBUG   no valid reroute targets — ending early
[2026-07-09 10:25:17] INFO    -> reward=0.00  avg_last_20=0.000  steps=1  done=False
[2026-07-09 10:25:26] INFO  Episode   4/100 | failing link=2 port=3
[2026-07-09 10:25:39] DEBUG   no valid reroute targets — ending early
[2026-07-09 10:25:39] INFO    -> reward=0.00  avg_last_20=0.000  steps=1  done=False
[2026-07-09 10:25:49] INFO  Episode   5/100 | failing link=0 port=1
[2026-07-09 10:26:02] DEBUG   no valid reroute targets — ending early
[2026-07-09 10:26:02] INFO    -> reward=0.00  avg_last_20=0.000  steps=1  done=False
[2026-07-09 10:26:11] INFO  Episode   6/100 | failing link=1 port=2
[2026-07-09 10:26:24] DEBUG   no valid reroute targets — ending early
[2026-07-09 10:26:24] INFO    -> reward=0.00  avg_last_20=0.000  steps=1  done=False
[2026-07-09 10:26:34] INFO  Episode   7/100 | failing link=3 port=4
[2026-07-09 10:26:47] DEBUG   no valid reroute targets — ending early
[2026-07-09 10:26:47] INFO    -> reward=0.00  avg_last_20=0.000  steps=1  done=False
[2026-07-09 10:26:56] INFO  Episode   8/100 | failing link=0 port=1
[2026-07-09 10:27:09] DEBUG   no valid reroute targets — ending early
[2026-07-09 10:27:09] INFO    -> reward=0.00  avg_last_20=0.000  steps=1  done=False
[2026-07-09 10:27:19] INFO  Episode   9/100 | failing link=3 port=4
[2026-07-09 10:27:31] DEBUG   no valid reroute targets — ending early
[2026-07-09 10:27:31] INFO    -> reward=0.00  avg_last_20=0.000  steps=1  done=False
[2026-07-09 10:27:41] INFO  Episode  10/100 | failing link=3 port=4
[2026-07-09 10:27:54] DEBUG   no valid reroute targets — ending early
[2026-07-09 10:27:54] INFO    -> reward=0.00  avg_last_20=0.000  steps=1  done=False
[2026-07-09 10:28:04] INFO  Episode  11/100 | failing link=2 port=3
[2026-07-09 10:28:16] DEBUG   no valid reroute targets — ending early
[2026-07-09 10:28:16] INFO    -> reward=0.00  avg_last_20=0.000  steps=1  done=False
[2026-07-09 10:28:26] INFO  Episode  12/100 | failing link=1 port=2
[2026-07-09 10:28:39] DEBUG   no valid reroute targets — ending early
[2026-07-09 10:28:39] INFO    -> reward=0.00  avg_last_20=0.000  steps=1  done=False
[2026-07-09 10:28:49] INFO  Episode  13/100 | failing link=3 port=4
[2026-07-09 10:29:01] DEBUG   no valid reroute targets — ending early
[2026-07-09 10:29:01] INFO    -> reward=0.00  avg_last_20=0.000  steps=1  done=False
[2026-07-09 10:29:11] INFO  Episode  14/100 | failing link=0 port=1
[2026-07-09 10:29:24] DEBUG   no valid reroute targets — ending early
[2026-07-09 10:29:24] INFO    -> reward=0.00  avg_last_20=0.000  steps=1  done=False
[2026-07-09 10:29:33] INFO  Episode  15/100 | failing link=2 port=3
[2026-07-09 10:29:46] DEBUG   no valid reroute targets — ending early
[2026-07-09 10:29:46] INFO    -> reward=0.00  avg_last_20=0.000  steps=1  done=False
[2026-07-09 10:29:56] INFO  Episode  16/100 | failing link=1 port=2
[2026-07-09 10:30:09] DEBUG   no valid reroute targets — ending early
[2026-07-09 10:30:09] INFO    -> reward=0.00  avg_last_20=0.000  steps=1  done=False
[2026-07-09 10:30:18] INFO  Episode  17/100 | failing link=2 port=3
[2026-07-09 10:30:31] DEBUG   no valid reroute targets — ending early
[2026-07-09 10:30:31] INFO    -> reward=0.00  avg_last_20=0.000  steps=1  done=False
[2026-07-09 10:30:41] INFO  Episode  18/100 | failing link=1 port=2
[2026-07-09 10:30:53] DEBUG   no valid reroute targets — ending early
[2026-07-09 10:30:53] INFO    -> reward=0.00  avg_last_20=0.000  steps=1  done=False
[2026-07-09 10:31:03] INFO  Episode  19/100 | failing link=3 port=4
[2026-07-09 10:31:16] DEBUG   no valid reroute targets — ending early
[2026-07-09 10:31:16] INFO    -> reward=0.00  avg_last_20=0.000  steps=1  done=False
[2026-07-09 10:31:25] INFO  Episode  20/100 | failing link=0 port=1
[2026-07-09 10:31:38] DEBUG   no valid reroute targets — ending early
[2026-07-09 10:31:38] INFO    -> reward=0.00  avg_last_20=0.000  steps=1  done=False
[2026-07-09 10:31:48] INFO  Checkpoint: saving to self_healing_checkpoint_20.zip
[2026-07-09 10:31:48] INFO  Episode  21/100 | failing link=0 port=1
[2026-07-09 10:32:01] DEBUG   no valid reroute targets — ending early
[2026-07-09 10:32:01] INFO    -> reward=0.00  avg_last_20=0.000  steps=1  done=False
[2026-07-09 10:32:11] INFO  Episode  22/100 | failing link=2 port=3
[2026-07-09 10:32:23] DEBUG   no valid reroute targets — ending early
[2026-07-09 10:32:23] INFO    -> reward=0.00  avg_last_20=0.000  steps=1  done=False
[2026-07-09 10:32:33] INFO  Episode  23/100 | failing link=3 port=4
[2026-07-09 10:32:46] DEBUG   no valid reroute targets — ending early
[2026-07-09 10:32:46] INFO    -> reward=0.00  avg_last_20=0.000  steps=1  done=False
[2026-07-09 10:32:56] INFO  Episode  24/100 | failing link=3 port=4
[2026-07-09 10:33:08] DEBUG   no valid reroute targets — ending early
[2026-07-09 10:33:08] INFO    -> reward=0.00  avg_last_20=0.000  steps=1  done=False
[2026-07-09 10:33:18] INFO  Episode  25/100 | failing link=2 port=3
[2026-07-09 10:33:31] DEBUG   no valid reroute targets — ending early
[2026-07-09 10:33:31] INFO    -> reward=0.00  avg_last_20=0.000  steps=1  done=False
[2026-07-09 10:33:40] INFO  Episode  26/100 | failing link=2 port=3
[2026-07-09 10:33:53] DEBUG   no valid reroute targets — ending early
[2026-07-09 10:33:53] INFO    -> reward=0.00  avg_last_20=0.000  steps=1  done=False
[2026-07-09 10:34:03] INFO  Episode  27/100 | failing link=1 port=2
[2026-07-09 10:34:15] DEBUG   no valid reroute targets — ending early
[2026-07-09 10:34:15] INFO    -> reward=0.00  avg_last_20=0.000  steps=1  done=False
[2026-07-09 10:34:25] INFO  Episode  28/100 | failing link=1 port=2
[2026-07-09 10:34:38] DEBUG   no valid reroute targets — ending early
[2026-07-09 10:34:38] INFO    -> reward=0.00  avg_last_20=0.000  steps=1  done=False
[2026-07-09 10:34:48] INFO  Episode  29/100 | failing link=0 port=1
[2026-07-09 10:35:00] DEBUG   no valid reroute targets — ending early
[2026-07-09 10:35:00] INFO    -> reward=0.00  avg_last_20=0.000  steps=1  done=False
[2026-07-09 10:35:10] INFO  Episode  30/100 | failing link=2 port=3
